| f_and_1 | false | 789 | 789 | f_and_1 |
| f_and_1 | false | 794 | 794 | x |
| f_and_1 | false | 796 | 796 | y |
| f_and_1 | false | 798 | 798 | ! ... |
| f_and_1 | false | 800 | 800 | ... && ... |
| f_and_1 | false | 802 | 802 | x |
| f_and_1 | false | 804 | 804 | return ... |
| f_and_1 | false | 806 | 806 | { ... } |
| f_and_1 | false | 808 | 808 | if (...) ...  |
| f_and_1 | false | 810 | 810 | y |
| f_and_1 | false | 812 | 812 | return ... |
| f_and_1 | false | 814 | 814 | { ... } |
| f_and_1 | true | 794 | 796 | T |
| f_and_1 | true | 794 | 812 | F |
| f_and_1 | true | 796 | 798 |  |
| f_and_1 | true | 798 | 806 | T |
| f_and_1 | true | 798 | 812 | F |
| f_and_1 | true | 800 | 794 |  |
| f_and_1 | true | 802 | 789 |  |
| f_and_1 | true | 804 | 802 |  |
| f_and_1 | true | 806 | 804 |  |
| f_and_1 | true | 808 | 800 |  |
| f_and_1 | true | 810 | 789 |  |
| f_and_1 | true | 812 | 810 |  |
| f_and_1 | true | 814 | 808 |  |
| f_and_2 | false | 819 | 819 | f_and_2 |
| f_and_2 | false | 824 | 824 | x |
| f_and_2 | false | 826 | 826 | y |
| f_and_2 | false | 828 | 828 | ... && ... |
| f_and_2 | false | 830 | 830 | (...) |
| f_and_2 | false | 832 | 832 | ! ... |
| f_and_2 | false | 834 | 834 | x |
| f_and_2 | false | 836 | 836 | return ... |
| f_and_2 | false | 838 | 838 | { ... } |
| f_and_2 | false | 840 | 840 | if (...) ...  |
| f_and_2 | false | 842 | 842 | y |
| f_and_2 | false | 844 | 844 | return ... |
| f_and_2 | false | 846 | 846 | { ... } |
| f_and_2 | true | 824 | 826 | T |
| f_and_2 | true | 824 | 832 | F |
| f_and_2 | true | 826 | 832 |  |
| f_and_2 | true | 828 | 824 |  |
| f_and_2 | true | 832 | 838 | T |
| f_and_2 | true | 832 | 844 | F |
| f_and_2 | true | 834 | 819 |  |
| f_and_2 | true | 836 | 834 |  |
| f_and_2 | true | 838 | 836 |  |
| f_and_2 | true | 840 | 828 |  |
| f_and_2 | true | 842 | 819 |  |
| f_and_2 | true | 844 | 842 |  |
| f_and_2 | true | 846 | 840 |  |
| f_cond_1 | false | 346 | 346 | f_cond_1 |
| f_cond_1 | false | 351 | 351 | i |
| f_cond_1 | false | 355 | 355 | 3 |
| f_cond_1 | false | 358 | 358 | 4 |
| f_cond_1 | false | 359 | 359 | ... ? ... : ... |
| f_cond_1 | false | 361 | 361 | initializer for j |
| f_cond_1 | false | 365 | 365 | declaration |
| f_cond_1 | false | 367 | 367 | return ... |
| f_cond_1 | false | 369 | 369 | { ... } |
| f_cond_1 | true | 351 | 355 | T |
| f_cond_1 | true | 351 | 358 | F |
| f_cond_1 | true | 355 | 367 |  |
| f_cond_1 | true | 358 | 367 |  |
| f_cond_1 | true | 359 | 351 |  |
| f_cond_1 | true | 361 | 359 |  |
| f_cond_1 | true | 365 | 361 |  |
| f_cond_1 | true | 367 | 346 |  |
| f_cond_1 | true | 369 | 365 |  |
| f_cond_2 | false | 372 | 372 | f_cond_2 |
| f_cond_2 | false | 378 | 378 | 1 |
| f_cond_2 | false | 381 | 381 | 3 |
| f_cond_2 | false | 384 | 384 | 4 |
| f_cond_2 | false | 385 | 385 | ... ? ... : ... |
| f_cond_2 | false | 389 | 389 | initializer for j |
| f_cond_2 | false | 393 | 393 | declaration |
| f_cond_2 | false | 395 | 395 | return ... |
| f_cond_2 | false | 397 | 397 | { ... } |
| f_cond_2 | true | 378 | 381 | T |
| f_cond_2 | true | 381 | 395 |  |
| f_cond_2 | true | 384 | 395 |  |
| f_cond_2 | true | 385 | 378 |  |
| f_cond_2 | true | 389 | 385 |  |
| f_cond_2 | true | 393 | 389 |  |
| f_cond_2 | true | 395 | 372 |  |
| f_cond_2 | true | 397 | 393 |  |
| f_cond_3 | false | 400 | 400 | f_cond_3 |
| f_cond_3 | false | 406 | 406 | 0 |
| f_cond_3 | false | 409 | 409 | 3 |
| f_cond_3 | false | 412 | 412 | 4 |
| f_cond_3 | false | 413 | 413 | ... ? ... : ... |
| f_cond_3 | false | 417 | 417 | initializer for j |
| f_cond_3 | false | 421 | 421 | declaration |
| f_cond_3 | false | 423 | 423 | return ... |
| f_cond_3 | false | 425 | 425 | { ... } |
| f_cond_3 | true | 406 | 412 | F |
| f_cond_3 | true | 409 | 423 |  |
| f_cond_3 | true | 412 | 423 |  |
| f_cond_3 | true | 413 | 406 |  |
| f_cond_3 | true | 417 | 413 |  |
| f_cond_3 | true | 421 | 417 |  |
| f_cond_3 | true | 423 | 400 |  |
| f_cond_3 | true | 425 | 421 |  |
| f_do_1 | false | 290 | 290 | f_do_1 |
| f_do_1 | false | 294 | 294 | i |
| f_do_1 | false | 296 | 296 | i |
| f_do_1 | false | 298 | 298 | ... -- |
| f_do_1 | false | 300 | 300 | ExprStmt |
| f_do_1 | false | 302 | 302 | { ... } |
| f_do_1 | false | 304 | 304 | do (...) ... |
| f_do_1 | false | 306 | 306 | return ... |
| f_do_1 | false | 308 | 308 | { ... } |
| f_do_1 | true | 294 | 302 | T |
| f_do_1 | true | 294 | 306 | F |
| f_do_1 | true | 296 | 298 |  |
| f_do_1 | true | 298 | 294 |  |
| f_do_1 | true | 300 | 296 |  |
| f_do_1 | true | 302 | 300 |  |
| f_do_1 | true | 304 | 302 |  |
| f_do_1 | true | 306 | 290 |  |
| f_do_1 | true | 308 | 304 |  |
| f_do_2 | false | 311 | 311 | f_do_2 |
| f_do_2 | false | 316 | 316 | 1 |
| f_do_2 | false | 317 | 317 | ; |
| f_do_2 | false | 319 | 319 | { ... } |
| f_do_2 | false | 321 | 321 | do (...) ... |
| f_do_2 | false | 323 | 323 | return ... |
| f_do_2 | false | 325 | 325 | { ... } |
| f_do_2 | true | 316 | 319 | T |
| f_do_2 | true | 317 | 316 |  |
| f_do_2 | true | 319 | 317 |  |
| f_do_2 | true | 321 | 319 |  |
| f_do_2 | true | 323 | 311 |  |
| f_do_2 | true | 325 | 321 |  |
| f_do_3 | false | 328 | 328 | f_do_3 |
| f_do_3 | false | 333 | 333 | 0 |
| f_do_3 | false | 334 | 334 | ; |
| f_do_3 | false | 336 | 336 | { ... } |
| f_do_3 | false | 338 | 338 | do (...) ... |
| f_do_3 | false | 340 | 340 | return ... |
| f_do_3 | false | 342 | 342 | { ... } |
| f_do_3 | true | 333 | 340 | F |
| f_do_3 | true | 334 | 333 |  |
| f_do_3 | true | 336 | 334 |  |
| f_do_3 | true | 338 | 336 |  |
| f_do_3 | true | 340 | 328 |  |
| f_do_3 | true | 342 | 338 |  |
| f_for_1 | false | 124 | 124 | f_for_1 |
| f_for_1 | false | 130 | 130 | declaration |
| f_for_1 | false | 132 | 132 | i |
| f_for_1 | false | 136 | 136 | 10 |
| f_for_1 | false | 137 | 137 | ... < ... |
| f_for_1 | false | 139 | 139 | ; |
| f_for_1 | false | 141 | 141 | { ... } |
| f_for_1 | false | 143 | 143 | i |
| f_for_1 | false | 147 | 147 | 0 |
| f_for_1 | false | 148 | 148 | ... = ... |
| f_for_1 | false | 150 | 150 | ExprStmt |
| f_for_1 | false | 152 | 152 | i |
| f_for_1 | false | 154 | 154 | ... ++ |
| f_for_1 | false | 156 | 156 | for(...;...;...) ... |
| f_for_1 | false | 158 | 158 | return ... |
| f_for_1 | false | 160 | 160 | { ... } |
| f_for_1 | true | 130 | 156 |  |
| f_for_1 | true | 132 | 136 |  |
| f_for_1 | true | 136 | 137 |  |
| f_for_1 | true | 137 | 141 | T |
| f_for_1 | true | 137 | 158 | F |
| f_for_1 | true | 139 | 152 |  |
| f_for_1 | true | 141 | 139 |  |
| f_for_1 | true | 143 | 148 |  |
| f_for_1 | true | 147 | 143 |  |
| f_for_1 | true | 148 | 132 |  |
| f_for_1 | true | 150 | 147 |  |
| f_for_1 | true | 152 | 154 |  |
| f_for_1 | true | 154 | 132 |  |
| f_for_1 | true | 156 | 150 |  |
| f_for_1 | true | 158 | 124 |  |
| f_for_1 | true | 160 | 130 |  |
| f_for_2 | false | 163 | 163 | f_for_2 |
| f_for_2 | false | 169 | 169 | declaration |
| f_for_2 | false | 173 | 173 | 1 |
| f_for_2 | false | 174 | 174 | ; |
| f_for_2 | false | 176 | 176 | { ... } |
| f_for_2 | false | 178 | 178 | i |
| f_for_2 | false | 182 | 182 | 0 |
| f_for_2 | false | 183 | 183 | ... = ... |
| f_for_2 | false | 185 | 185 | ExprStmt |
| f_for_2 | false | 187 | 187 | i |
| f_for_2 | false | 189 | 189 | ... ++ |
| f_for_2 | false | 191 | 191 | for(...;...;...) ... |
| f_for_2 | false | 193 | 193 | return ... |
| f_for_2 | false | 195 | 195 | { ... } |
| f_for_2 | true | 169 | 191 |  |
| f_for_2 | true | 173 | 176 | T |
| f_for_2 | true | 174 | 187 |  |
| f_for_2 | true | 176 | 174 |  |
| f_for_2 | true | 178 | 183 |  |
| f_for_2 | true | 182 | 178 |  |
| f_for_2 | true | 183 | 173 |  |
| f_for_2 | true | 185 | 182 |  |
| f_for_2 | true | 187 | 189 |  |
| f_for_2 | true | 189 | 173 |  |
| f_for_2 | true | 191 | 185 |  |
| f_for_2 | true | 193 | 163 |  |
| f_for_2 | true | 195 | 169 |  |
| f_for_3 | false | 198 | 198 | f_for_3 |
| f_for_3 | false | 204 | 204 | declaration |
| f_for_3 | false | 208 | 208 | 0 |
| f_for_3 | false | 209 | 209 | ; |
| f_for_3 | false | 211 | 211 | { ... } |
| f_for_3 | false | 213 | 213 | i |
| f_for_3 | false | 217 | 217 | 0 |
| f_for_3 | false | 218 | 218 | ... = ... |
| f_for_3 | false | 220 | 220 | ExprStmt |
| f_for_3 | false | 222 | 222 | i |
| f_for_3 | false | 224 | 224 | ... ++ |
| f_for_3 | false | 226 | 226 | for(...;...;...) ... |
| f_for_3 | false | 228 | 228 | return ... |
| f_for_3 | false | 230 | 230 | { ... } |
| f_for_3 | true | 204 | 226 |  |
| f_for_3 | true | 208 | 228 | F |
| f_for_3 | true | 209 | 222 |  |
| f_for_3 | true | 211 | 209 |  |
| f_for_3 | true | 213 | 218 |  |
| f_for_3 | true | 217 | 213 |  |
| f_for_3 | true | 218 | 208 |  |
| f_for_3 | true | 220 | 217 |  |
| f_for_3 | true | 222 | 224 |  |
| f_for_3 | true | 224 | 208 |  |
| f_for_3 | true | 226 | 220 |  |
| f_for_3 | true | 228 | 198 |  |
| f_for_3 | true | 230 | 204 |  |
| f_if_1 | false | 61 | 61 | f_if_1 |
| f_if_1 | false | 65 | 65 | i |
| f_if_1 | false | 67 | 67 | ; |
| f_if_1 | false | 69 | 69 | { ... } |
| f_if_1 | false | 71 | 71 | ; |
| f_if_1 | false | 73 | 73 | { ... } |
| f_if_1 | false | 75 | 75 | if (...) ...  |
| f_if_1 | false | 77 | 77 | return ... |
| f_if_1 | false | 79 | 79 | { ... } |
| f_if_1 | true | 65 | 69 | T |
| f_if_1 | true | 65 | 73 | F |
| f_if_1 | true | 67 | 77 |  |
| f_if_1 | true | 69 | 67 |  |
| f_if_1 | true | 71 | 77 |  |
| f_if_1 | true | 73 | 71 |  |
| f_if_1 | true | 75 | 65 |  |
| f_if_1 | true | 77 | 61 |  |
| f_if_1 | true | 79 | 75 |  |
| f_if_2 | false | 82 | 82 | f_if_2 |
| f_if_2 | false | 87 | 87 | 1 |
| f_if_2 | false | 88 | 88 | ; |
| f_if_2 | false | 90 | 90 | { ... } |
| f_if_2 | false | 92 | 92 | ; |
| f_if_2 | false | 94 | 94 | { ... } |
| f_if_2 | false | 96 | 96 | if (...) ...  |
| f_if_2 | false | 98 | 98 | return ... |
| f_if_2 | false | 100 | 100 | { ... } |
| f_if_2 | true | 87 | 90 | T |
| f_if_2 | true | 88 | 98 |  |
| f_if_2 | true | 90 | 88 |  |
| f_if_2 | true | 92 | 98 |  |
| f_if_2 | true | 94 | 92 |  |
| f_if_2 | true | 96 | 87 |  |
| f_if_2 | true | 98 | 82 |  |
| f_if_2 | true | 100 | 96 |  |
| f_if_3 | false | 103 | 103 | f_if_3 |
| f_if_3 | false | 108 | 108 | 0 |
| f_if_3 | false | 109 | 109 | ; |
| f_if_3 | false | 111 | 111 | { ... } |
| f_if_3 | false | 113 | 113 | ; |
| f_if_3 | false | 115 | 115 | { ... } |
| f_if_3 | false | 117 | 117 | if (...) ...  |
| f_if_3 | false | 119 | 119 | return ... |
| f_if_3 | false | 121 | 121 | { ... } |
| f_if_3 | true | 108 | 115 | F |
| f_if_3 | true | 109 | 119 |  |
| f_if_3 | true | 111 | 109 |  |
| f_if_3 | true | 113 | 119 |  |
| f_if_3 | true | 115 | 113 |  |
| f_if_3 | true | 117 | 108 |  |
| f_if_3 | true | 119 | 103 |  |
| f_if_3 | true | 121 | 117 |  |
| f_if_ternary_1 | false | 852 | 852 | f_if_ternary_1 |
| f_if_ternary_1 | false | 858 | 858 | b |
| f_if_ternary_1 | false | 860 | 860 | x |
| f_if_ternary_1 | false | 862 | 862 | y |
| f_if_ternary_1 | false | 864 | 864 | ... ? ... : ... |
| f_if_ternary_1 | false | 866 | 866 | { ... } |
| f_if_ternary_1 | false | 868 | 868 | if (...) ...  |
| f_if_ternary_1 | false | 870 | 870 | return ... |
| f_if_ternary_1 | false | 872 | 872 | { ... } |
| f_if_ternary_1 | true | 858 | 860 | T |
| f_if_ternary_1 | true | 858 | 862 | F |
| f_if_ternary_1 | true | 860 | 866 | T |
| f_if_ternary_1 | true | 860 | 870 | F |
| f_if_ternary_1 | true | 862 | 866 | T |
| f_if_ternary_1 | true | 862 | 870 | F |
| f_if_ternary_1 | true | 864 | 858 |  |
| f_if_ternary_1 | true | 866 | 870 |  |
| f_if_ternary_1 | true | 868 | 864 |  |
| f_if_ternary_1 | true | 870 | 852 |  |
| f_if_ternary_1 | true | 872 | 868 |  |
| f_switch_1 | false | 429 | 429 | f_switch_1 |
| f_switch_1 | false | 433 | 433 | i |
| f_switch_1 | false | 437 | 437 | 0 |
| f_switch_1 | false | 438 | 438 | case ...: |
| f_switch_1 | false | 440 | 440 | return ... |
| f_switch_1 | false | 444 | 444 | 1 |
| f_switch_1 | false | 445 | 445 | case ...: |
| f_switch_1 | false | 447 | 447 | return ... |
| f_switch_1 | false | 451 | 451 | 2 |
| f_switch_1 | false | 452 | 452 | case ...: |
| f_switch_1 | false | 456 | 456 | 3 |
| f_switch_1 | false | 457 | 457 | case ...: |
| f_switch_1 | false | 459 | 459 | ; |
| f_switch_1 | false | 463 | 463 | 4 |
| f_switch_1 | false | 464 | 464 | case ...: |
| f_switch_1 | false | 466 | 466 | return ... |
| f_switch_1 | false | 468 | 468 | default:  |
| f_switch_1 | false | 470 | 470 | return ... |
| f_switch_1 | false | 472 | 472 | { ... } |
| f_switch_1 | false | 474 | 474 | switch (...) ...  |
| f_switch_1 | false | 476 | 476 | return ... |
| f_switch_1 | false | 478 | 478 | { ... } |
| f_switch_1 | true | 433 | 472 |  |
| f_switch_1 | true | 438 | 440 |  |
| f_switch_1 | true | 440 | 429 |  |
| f_switch_1 | true | 445 | 447 |  |
| f_switch_1 | true | 447 | 429 |  |
| f_switch_1 | true | 452 | 457 |  |
| f_switch_1 | true | 457 | 459 |  |
| f_switch_1 | true | 459 | 464 |  |
| f_switch_1 | true | 464 | 466 |  |
| f_switch_1 | true | 466 | 429 |  |
| f_switch_1 | true | 468 | 470 |  |
| f_switch_1 | true | 470 | 429 |  |
| f_switch_1 | true | 472 | 438 |  |
| f_switch_1 | true | 472 | 445 |  |
| f_switch_1 | true | 472 | 452 |  |
| f_switch_1 | true | 472 | 457 |  |
| f_switch_1 | true | 472 | 464 |  |
| f_switch_1 | true | 472 | 468 |  |
| f_switch_1 | true | 474 | 433 |  |
| f_switch_1 | true | 476 | 429 |  |
| f_switch_1 | true | 478 | 474 |  |
| f_switch_2 | false | 482 | 482 | f_switch_2 |
| f_switch_2 | false | 486 | 486 | i |
| f_switch_2 | false | 490 | 490 | 0 |
| f_switch_2 | false | 491 | 491 | case ...: |
| f_switch_2 | false | 493 | 493 | return ... |
| f_switch_2 | false | 497 | 497 | 1 |
| f_switch_2 | false | 498 | 498 | case ...: |
| f_switch_2 | false | 500 | 500 | return ... |
| f_switch_2 | false | 504 | 504 | 2 |
| f_switch_2 | false | 505 | 505 | case ...: |
| f_switch_2 | false | 509 | 509 | 3 |
| f_switch_2 | false | 510 | 510 | case ...: |
| f_switch_2 | false | 512 | 512 | ; |
| f_switch_2 | false | 516 | 516 | 4 |
| f_switch_2 | false | 517 | 517 | case ...: |
| f_switch_2 | false | 519 | 519 | return ... |
| f_switch_2 | false | 521 | 521 | { ... } |
| f_switch_2 | false | 523 | 523 | switch (...) ...  |
| f_switch_2 | false | 525 | 525 | return ... |
| f_switch_2 | false | 527 | 527 | { ... } |
| f_switch_2 | true | 486 | 521 |  |
| f_switch_2 | true | 491 | 493 |  |
| f_switch_2 | true | 493 | 482 |  |
| f_switch_2 | true | 498 | 500 |  |
| f_switch_2 | true | 500 | 482 |  |
| f_switch_2 | true | 505 | 510 |  |
| f_switch_2 | true | 510 | 512 |  |
| f_switch_2 | true | 512 | 517 |  |
| f_switch_2 | true | 517 | 519 |  |
| f_switch_2 | true | 519 | 482 |  |
| f_switch_2 | true | 521 | 491 |  |
| f_switch_2 | true | 521 | 498 |  |
| f_switch_2 | true | 521 | 505 |  |
| f_switch_2 | true | 521 | 510 |  |
| f_switch_2 | true | 521 | 517 |  |
| f_switch_2 | true | 521 | 525 |  |
| f_switch_2 | true | 523 | 486 |  |
| f_switch_2 | true | 525 | 482 |  |
| f_switch_2 | true | 527 | 523 |  |
| f_switch_3 | false | 530 | 530 | f_switch_3 |
| f_switch_3 | false | 535 | 535 | 1 |
| f_switch_3 | false | 538 | 538 | 0 |
| f_switch_3 | false | 539 | 539 | case ...: |
| f_switch_3 | false | 541 | 541 | return ... |
| f_switch_3 | false | 545 | 545 | 1 |
| f_switch_3 | false | 546 | 546 | case ...: |
| f_switch_3 | false | 548 | 548 | return ... |
| f_switch_3 | false | 552 | 552 | 2 |
| f_switch_3 | false | 553 | 553 | case ...: |
| f_switch_3 | false | 557 | 557 | 3 |
| f_switch_3 | false | 558 | 558 | case ...: |
| f_switch_3 | false | 560 | 560 | ; |
| f_switch_3 | false | 564 | 564 | 4 |
| f_switch_3 | false | 565 | 565 | case ...: |
| f_switch_3 | false | 567 | 567 | return ... |
| f_switch_3 | false | 569 | 569 | default:  |
| f_switch_3 | false | 571 | 571 | return ... |
| f_switch_3 | false | 573 | 573 | { ... } |
| f_switch_3 | false | 575 | 575 | switch (...) ...  |
| f_switch_3 | false | 577 | 577 | return ... |
| f_switch_3 | false | 579 | 579 | { ... } |
| f_switch_3 | true | 535 | 573 |  |
| f_switch_3 | true | 539 | 541 |  |
| f_switch_3 | true | 541 | 530 |  |
| f_switch_3 | true | 546 | 548 |  |
| f_switch_3 | true | 548 | 530 |  |
| f_switch_3 | true | 553 | 558 |  |
| f_switch_3 | true | 558 | 560 |  |
| f_switch_3 | true | 560 | 565 |  |
| f_switch_3 | true | 565 | 567 |  |
| f_switch_3 | true | 567 | 530 |  |
| f_switch_3 | true | 569 | 571 |  |
| f_switch_3 | true | 571 | 530 |  |
| f_switch_3 | true | 573 | 546 |  |
| f_switch_3 | true | 575 | 535 |  |
| f_switch_3 | true | 577 | 530 |  |
| f_switch_3 | true | 579 | 575 |  |
| f_switch_4 | false | 582 | 582 | f_switch_4 |
| f_switch_4 | false | 587 | 587 | 1 |
| f_switch_4 | false | 590 | 590 | 0 |
| f_switch_4 | false | 591 | 591 | case ...: |
| f_switch_4 | false | 593 | 593 | return ... |
| f_switch_4 | false | 597 | 597 | 1 |
| f_switch_4 | false | 598 | 598 | case ...: |
| f_switch_4 | false | 600 | 600 | return ... |
| f_switch_4 | false | 604 | 604 | 2 |
| f_switch_4 | false | 605 | 605 | case ...: |
| f_switch_4 | false | 609 | 609 | 3 |
| f_switch_4 | false | 610 | 610 | case ...: |
| f_switch_4 | false | 612 | 612 | ; |
| f_switch_4 | false | 616 | 616 | 4 |
| f_switch_4 | false | 617 | 617 | case ...: |
| f_switch_4 | false | 619 | 619 | return ... |
| f_switch_4 | false | 621 | 621 | { ... } |
| f_switch_4 | false | 623 | 623 | switch (...) ...  |
| f_switch_4 | false | 625 | 625 | return ... |
| f_switch_4 | false | 627 | 627 | { ... } |
| f_switch_4 | true | 587 | 621 |  |
| f_switch_4 | true | 591 | 593 |  |
| f_switch_4 | true | 593 | 582 |  |
| f_switch_4 | true | 598 | 600 |  |
| f_switch_4 | true | 600 | 582 |  |
| f_switch_4 | true | 605 | 610 |  |
| f_switch_4 | true | 610 | 612 |  |
| f_switch_4 | true | 612 | 617 |  |
| f_switch_4 | true | 617 | 619 |  |
| f_switch_4 | true | 619 | 582 |  |
| f_switch_4 | true | 621 | 598 |  |
| f_switch_4 | true | 621 | 625 |  |
| f_switch_4 | true | 623 | 587 |  |
| f_switch_4 | true | 625 | 582 |  |
| f_switch_4 | true | 627 | 623 |  |
| f_switch_5 | false | 630 | 630 | f_switch_5 |
| f_switch_5 | false | 635 | 635 | 9 |
| f_switch_5 | false | 638 | 638 | 0 |
| f_switch_5 | false | 639 | 639 | case ...: |
| f_switch_5 | false | 641 | 641 | return ... |
| f_switch_5 | false | 645 | 645 | 1 |
| f_switch_5 | false | 646 | 646 | case ...: |
| f_switch_5 | false | 648 | 648 | return ... |
| f_switch_5 | false | 652 | 652 | 2 |
| f_switch_5 | false | 653 | 653 | case ...: |
| f_switch_5 | false | 657 | 657 | 3 |
| f_switch_5 | false | 658 | 658 | case ...: |
| f_switch_5 | false | 660 | 660 | ; |
| f_switch_5 | false | 664 | 664 | 4 |
| f_switch_5 | false | 665 | 665 | case ...: |
| f_switch_5 | false | 667 | 667 | return ... |
| f_switch_5 | false | 669 | 669 | default:  |
| f_switch_5 | false | 671 | 671 | return ... |
| f_switch_5 | false | 673 | 673 | { ... } |
| f_switch_5 | false | 675 | 675 | switch (...) ...  |
| f_switch_5 | false | 677 | 677 | return ... |
| f_switch_5 | false | 679 | 679 | { ... } |
| f_switch_5 | true | 635 | 673 |  |
| f_switch_5 | true | 639 | 641 |  |
| f_switch_5 | true | 641 | 630 |  |
| f_switch_5 | true | 646 | 648 |  |
| f_switch_5 | true | 648 | 630 |  |
| f_switch_5 | true | 653 | 658 |  |
| f_switch_5 | true | 658 | 660 |  |
| f_switch_5 | true | 660 | 665 |  |
| f_switch_5 | true | 665 | 667 |  |
| f_switch_5 | true | 667 | 630 |  |
| f_switch_5 | true | 669 | 671 |  |
| f_switch_5 | true | 671 | 630 |  |
| f_switch_5 | true | 673 | 669 |  |
| f_switch_5 | true | 675 | 635 |  |
| f_switch_5 | true | 677 | 630 |  |
| f_switch_5 | true | 679 | 675 |  |
| f_switch_6 | false | 682 | 682 | f_switch_6 |
| f_switch_6 | false | 687 | 687 | 9 |
| f_switch_6 | false | 690 | 690 | 0 |
| f_switch_6 | false | 691 | 691 | case ...: |
| f_switch_6 | false | 693 | 693 | return ... |
| f_switch_6 | false | 697 | 697 | 1 |
| f_switch_6 | false | 698 | 698 | case ...: |
| f_switch_6 | false | 700 | 700 | return ... |
| f_switch_6 | false | 704 | 704 | 2 |
| f_switch_6 | false | 705 | 705 | case ...: |
| f_switch_6 | false | 709 | 709 | 3 |
| f_switch_6 | false | 710 | 710 | case ...: |
| f_switch_6 | false | 712 | 712 | ; |
| f_switch_6 | false | 716 | 716 | 4 |
| f_switch_6 | false | 717 | 717 | case ...: |
| f_switch_6 | false | 719 | 719 | return ... |
| f_switch_6 | false | 721 | 721 | { ... } |
| f_switch_6 | false | 723 | 723 | switch (...) ...  |
| f_switch_6 | false | 725 | 725 | return ... |
| f_switch_6 | false | 727 | 727 | { ... } |
| f_switch_6 | true | 687 | 721 |  |
| f_switch_6 | true | 691 | 693 |  |
| f_switch_6 | true | 693 | 682 |  |
| f_switch_6 | true | 698 | 700 |  |
| f_switch_6 | true | 700 | 682 |  |
| f_switch_6 | true | 705 | 710 |  |
| f_switch_6 | true | 710 | 712 |  |
| f_switch_6 | true | 712 | 717 |  |
| f_switch_6 | true | 717 | 719 |  |
| f_switch_6 | true | 719 | 682 |  |
| f_switch_6 | true | 721 | 725 |  |
| f_switch_6 | true | 723 | 687 |  |
| f_switch_6 | true | 725 | 682 |  |
| f_switch_6 | true | 727 | 723 |  |
| f_switch_7 | false | 731 | 731 | f_switch_7 |
| f_switch_7 | false | 735 | 735 | i |
| f_switch_7 | false | 739 | 739 | 1 |
| f_switch_7 | false | 742 | 742 | 3 |
| f_switch_7 | false | 743 | 743 | ... ? ... : ... |
| f_switch_7 | false | 747 | 747 | 0 |
| f_switch_7 | false | 748 | 748 | case ...: |
| f_switch_7 | false | 750 | 750 | return ... |
| f_switch_7 | false | 754 | 754 | 1 |
| f_switch_7 | false | 755 | 755 | case ...: |
| f_switch_7 | false | 757 | 757 | return ... |
| f_switch_7 | false | 761 | 761 | 2 |
| f_switch_7 | false | 762 | 762 | case ...: |
| f_switch_7 | false | 766 | 766 | 3 |
| f_switch_7 | false | 767 | 767 | case ...: |
| f_switch_7 | false | 769 | 769 | ; |
| f_switch_7 | false | 773 | 773 | 4 |
| f_switch_7 | false | 774 | 774 | case ...: |
| f_switch_7 | false | 776 | 776 | return ... |
| f_switch_7 | false | 778 | 778 | { ... } |
| f_switch_7 | false | 780 | 780 | switch (...) ...  |
| f_switch_7 | false | 782 | 782 | return ... |
| f_switch_7 | false | 784 | 784 | { ... } |
| f_switch_7 | true | 735 | 739 | T |
| f_switch_7 | true | 735 | 742 | F |
| f_switch_7 | true | 739 | 778 |  |
| f_switch_7 | true | 742 | 778 |  |
| f_switch_7 | true | 743 | 735 |  |
| f_switch_7 | true | 748 | 750 |  |
| f_switch_7 | true | 750 | 731 |  |
| f_switch_7 | true | 755 | 757 |  |
| f_switch_7 | true | 757 | 731 |  |
| f_switch_7 | true | 762 | 767 |  |
| f_switch_7 | true | 767 | 769 |  |
| f_switch_7 | true | 769 | 774 |  |
| f_switch_7 | true | 774 | 776 |  |
| f_switch_7 | true | 776 | 731 |  |
| f_switch_7 | true | 778 | 755 |  |
| f_switch_7 | true | 778 | 767 |  |
| f_switch_7 | true | 778 | 782 |  |
| f_switch_7 | true | 780 | 743 |  |
| f_switch_7 | true | 782 | 731 |  |
| f_switch_7 | true | 784 | 780 |  |
| f_while_1 | false | 234 | 234 | f_while_1 |
| f_while_1 | false | 238 | 238 | i |
| f_while_1 | false | 240 | 240 | i |
| f_while_1 | false | 242 | 242 | ... -- |
| f_while_1 | false | 244 | 244 | ExprStmt |
| f_while_1 | false | 246 | 246 | { ... } |
| f_while_1 | false | 248 | 248 | while (...) ... |
| f_while_1 | false | 250 | 250 | return ... |
| f_while_1 | false | 252 | 252 | { ... } |
| f_while_1 | true | 238 | 246 | T |
| f_while_1 | true | 238 | 250 | F |
| f_while_1 | true | 240 | 242 |  |
| f_while_1 | true | 242 | 238 |  |
| f_while_1 | true | 244 | 240 |  |
| f_while_1 | true | 246 | 244 |  |
| f_while_1 | true | 248 | 238 |  |
| f_while_1 | true | 250 | 234 |  |
| f_while_1 | true | 252 | 248 |  |
| f_while_2 | false | 255 | 255 | f_while_2 |
| f_while_2 | false | 260 | 260 | 1 |
| f_while_2 | false | 261 | 261 | ; |
| f_while_2 | false | 263 | 263 | { ... } |
| f_while_2 | false | 265 | 265 | while (...) ... |
| f_while_2 | false | 267 | 267 | return ... |
| f_while_2 | false | 269 | 269 | { ... } |
| f_while_2 | true | 260 | 263 | T |
| f_while_2 | true | 261 | 260 |  |
| f_while_2 | true | 263 | 261 |  |
| f_while_2 | true | 265 | 260 |  |
| f_while_2 | true | 267 | 255 |  |
| f_while_2 | true | 269 | 265 |  |
| f_while_3 | false | 272 | 272 | f_while_3 |
| f_while_3 | false | 277 | 277 | 0 |
| f_while_3 | false | 278 | 278 | ; |
| f_while_3 | false | 280 | 280 | { ... } |
| f_while_3 | false | 282 | 282 | while (...) ... |
| f_while_3 | false | 284 | 284 | return ... |
| f_while_3 | false | 286 | 286 | { ... } |
| f_while_3 | true | 277 | 284 | F |
| f_while_3 | true | 278 | 277 |  |
| f_while_3 | true | 280 | 278 |  |
| f_while_3 | true | 282 | 277 |  |
| f_while_3 | true | 284 | 272 |  |
| f_while_3 | true | 286 | 282 |  |
