| addresses.cpp:34:33:34:51 | (...) | comma_addr | misclassified as NOT constant |
| addresses.cpp:37:39:37:70 | ... ? ... : ... | ternary_ptr_cond | misclassified as NOT constant |
| addresses.cpp:40:35:40:50 | ... + ... | constexpr_va | misclassified as NOT constant |
| addresses.cpp:76:22:76:27 | (reference to) | ref_param | misclassified as constant |
| addresses.cpp:78:21:78:27 | (reference to) | fr_param | misclassified as constant |
