| addresses.cpp:37:39:37:70 | ... ? ... : ... | ternary_ptr_cond | misclassified as NOT constant |
| addresses.cpp:40:35:40:50 | ... + ... | constexpr_va | misclassified as NOT constant |
| addresses.cpp:44:29:44:39 | (reference to) | ref_va | misclassified as NOT constant |
| addresses.cpp:45:35:45:53 | (reference to) | ref_va_arith | misclassified as NOT constant |
| addresses.cpp:56:28:56:33 | (reference to) | fr_va | misclassified as NOT constant |
