| addresses.cpp:37:39:37:70 | ... ? ... : ... | ternary_ptr_cond | misclassified as NOT constant |
| addresses.cpp:40:35:40:50 | ... + ... | constexpr_va | misclassified as NOT constant |
| addresses.cpp:77:22:77:27 | (reference to) | ref_param | misclassified as constant |
| addresses.cpp:79:21:79:27 | (reference to) | fr_param | misclassified as constant |
