| statements__gotos | statements.cpp:48:5:48:23 | declaration | statements.cpp:49:1:49:4 | label ...: | Standard edge, only from extractor |
| staticlocals__staticlocals_f | staticlocals.cpp:12:5:12:32 | declaration | staticlocals.cpp:13:5:13:23 | declaration | Standard edge, only from extractor |
| staticlocals__staticlocals_f | staticlocals.cpp:13:5:13:23 | declaration | staticlocals.cpp:14:5:14:5 | ; | Standard edge, only from extractor |
| stmt_expr__stmtexpr_f | stmt_expr.cpp:12:5:18:9 | if (...) ...  | stmt_expr.cpp:12:9:15:10 | (statement expression) | Standard edge, only from QL |
| stmt_expr__stmtexpr_f | stmt_expr.cpp:12:5:18:9 | if (...) ...  | stmt_expr.cpp:12:10:15:9 | { ... } | Standard edge, only from extractor |
| stmt_expr__stmtexpr_f | stmt_expr.cpp:14:14:14:14 | b | stmt_expr.cpp:12:9:15:10 | (statement expression) | Standard edge, only from extractor |
| stmt_expr__stmtexpr_g | stmt_expr.cpp:29:5:32:12 | computed goto ... | stmt_expr.cpp:29:12:32:10 | { ... } | Standard edge, only from extractor |
| stmt_expr__stmtexpr_g | stmt_expr.cpp:31:16:31:18 | ptr | stmt_expr.cpp:29:11:32:11 | (statement expression) | Standard edge, only from extractor |
