| 312__stream_it | 312.cpp:12:3:13:3 | { ... } | file://:0:0:0:0 | <error expr> | Standard edge, only from extractor |
| 312__stream_it | file://:0:0:0:0 | <error expr> | 312.cpp:11:3:13:3 | declaration | Standard edge, only from extractor |
| 312__stream_it | file://:0:0:0:0 | <error expr> | 312.cpp:11:3:13:3 | declaration | True edge, only from extractor |
| 312__stream_it | file://:0:0:0:0 | <error expr> | 312.cpp:14:1:14:1 | return ... | False edge, only from extractor |
| 312__stream_it | file://:0:0:0:0 | <error expr> | 312.cpp:14:1:14:1 | return ... | Standard edge, only from extractor |
| 312__stream_it | file://:0:0:0:0 | initializer for (__range) | 312.cpp:11:3:13:3 | declaration | Standard edge, only from QL |
| 312__stream_it | file://:0:0:0:0 | initializer for (__range) | file://:0:0:0:0 | <error expr> | Standard edge, only from extractor |
| 376__ConditionDecl | 376.cpp:3:3:4:3 | while (...) ... | 376.cpp:3:17:3:17 | j | Standard edge, only from extractor |
| 376__ConditionDecl | 376.cpp:3:17:3:17 | j | 376.cpp:3:21:3:21 | 5 | Standard edge, only from extractor |
| 376__ConditionDecl | 376.cpp:3:21:3:21 | 5 | 376.cpp:3:17:3:21 | ... < ... | Standard edge, only from extractor |
| 376__ConditionDecl | 376.cpp:3:24:4:3 | { ... } | 376.cpp:3:17:3:17 | j | Standard edge, only from extractor |
