argvLocal.c:
#    9| void printWrapper(char*)
#    9|   Block 0
#    9|     v9_1(void)            = EnterFunction                  : 
#    9|     m9_2(unknown)         = AliasedDefinition              : 
#    9|     m9_3(unknown)         = InitializeNonLocal             : 
#    9|     m9_4(unknown)         = Chi                            : total:m9_2, partial:m9_3
#    9|     mu9_5(unknown)        = UnmodeledDefinition            : 
#    9|     r9_6(glval<char *>)   = VariableAddress[correct]       : 
#    9|     m9_7(char *)          = InitializeParameter[correct]   : &:r9_6
#    9|     r9_8(char *)          = Load                           : &:r9_6, m9_7
#    9|     m9_9(unknown)         = InitializeIndirection[correct] : &:r9_8
#   10|     r10_1(glval<unknown>) = FunctionAddress[printf]        : 
#   10|     r10_2(glval<char *>)  = VariableAddress[correct]       : 
#   10|     r10_3(char *)         = Load                           : &:r10_2, m9_7
#   10|     r10_4(char *)         = Convert                        : r10_3
#   10|     r10_5(int)            = Call                           : func:r10_1, 0:r10_4
#   10|     m10_6(unknown)        = ^CallSideEffect                : ~m9_4
#   10|     m10_7(unknown)        = Chi                            : total:m9_4, partial:m10_6
#   10|     v10_8(void)           = ^BufferReadSideEffect[0]       : &:r10_4, ~m9_9
#   10|     m10_9(unknown)        = ^BufferMayWriteSideEffect[0]   : &:r10_4
#   10|     m10_10(unknown)       = Chi                            : total:m9_9, partial:m10_9
#   11|     v11_1(void)           = NoOp                           : 
#    9|     v9_10(void)           = ReturnIndirection[correct]     : &:r9_8, m10_10
#    9|     v9_11(void)           = ReturnVoid                     : 
#    9|     v9_12(void)           = UnmodeledUse                   : mu*
#    9|     v9_13(void)           = AliasedUse                     : ~m10_7
#    9|     v9_14(void)           = ExitFunction                   : 

#   13| int main(int, char**)
#   13|   Block 0
#   13|     v13_1(void)              = EnterFunction                      : 
#   13|     m13_2(unknown)           = AliasedDefinition                  : 
#   13|     m13_3(unknown)           = InitializeNonLocal                 : 
#   13|     m13_4(unknown)           = Chi                                : total:m13_2, partial:m13_3
#   13|     mu13_5(unknown)          = UnmodeledDefinition                : 
#   13|     r13_6(glval<int>)        = VariableAddress[argc]              : 
#   13|     m13_7(int)               = InitializeParameter[argc]          : &:r13_6
#   13|     r13_8(glval<char **>)    = VariableAddress[argv]              : 
#   13|     m13_9(char **)           = InitializeParameter[argv]          : &:r13_8
#   13|     r13_10(char **)          = Load                               : &:r13_8, m13_9
#   13|     m13_11(unknown)          = InitializeIndirection[argv]        : &:r13_10
#   15|     r15_1(glval<unknown>)    = FunctionAddress[printf]            : 
#   15|     r15_2(glval<char[8]>)    = StringConstant["Correct"]          : 
#   15|     r15_3(char *)            = Convert                            : r15_2
#   15|     r15_4(char *)            = Convert                            : r15_3
#   15|     r15_5(int)               = Call                               : func:r15_1, 0:r15_4
#   15|     m15_6(unknown)           = ^CallSideEffect                    : ~m13_4
#   15|     m15_7(unknown)           = Chi                                : total:m13_4, partial:m15_6
#   15|     v15_8(void)              = ^BufferReadSideEffect[0]           : &:r15_4, ~m13_3
#   15|     m15_9(unknown)           = ^BufferMayWriteSideEffect[0]       : &:r15_4
#   15|     m15_10(unknown)          = Chi                                : total:m15_7, partial:m15_9
#   16|     r16_1(glval<unknown>)    = FunctionAddress[printWrapper]      : 
#   16|     r16_2(glval<char[8]>)    = StringConstant["Correct"]          : 
#   16|     r16_3(char *)            = Convert                            : r16_2
#   16|     v16_4(void)              = Call                               : func:r16_1, 0:r16_3
#   16|     m16_5(unknown)           = ^CallSideEffect                    : ~m15_10
#   16|     m16_6(unknown)           = Chi                                : total:m15_10, partial:m16_5
#   16|     v16_7(void)              = ^BufferReadSideEffect[0]           : &:r16_3, ~m13_3
#   16|     m16_8(unknown)           = ^BufferMayWriteSideEffect[0]       : &:r16_3
#   16|     m16_9(unknown)           = Chi                                : total:m16_6, partial:m16_8
#   19|     r19_1(glval<char *>)     = VariableAddress[c1]                : 
#   19|     r19_2(glval<char[8]>)    = StringConstant["Correct"]          : 
#   19|     r19_3(char *)            = Convert                            : r19_2
#   19|     m19_4(char *)            = Store                              : &:r19_1, r19_3
#   20|     r20_1(glval<unknown>)    = FunctionAddress[printf]            : 
#   20|     r20_2(glval<char *>)     = VariableAddress[c1]                : 
#   20|     r20_3(char *)            = Load                               : &:r20_2, m19_4
#   20|     r20_4(char *)            = Convert                            : r20_3
#   20|     r20_5(int)               = Call                               : func:r20_1, 0:r20_4
#   20|     m20_6(unknown)           = ^CallSideEffect                    : ~m16_9
#   20|     m20_7(unknown)           = Chi                                : total:m16_9, partial:m20_6
#   20|     v20_8(void)              = ^BufferReadSideEffect[0]           : &:r20_4, ~m13_3
#   20|     m20_9(unknown)           = ^BufferMayWriteSideEffect[0]       : &:r20_4
#   20|     m20_10(unknown)          = Chi                                : total:m20_7, partial:m20_9
#   21|     r21_1(glval<unknown>)    = FunctionAddress[printWrapper]      : 
#   21|     r21_2(glval<char *>)     = VariableAddress[c1]                : 
#   21|     r21_3(char *)            = Load                               : &:r21_2, m19_4
#   21|     v21_4(void)              = Call                               : func:r21_1, 0:r21_3
#   21|     m21_5(unknown)           = ^CallSideEffect                    : ~m20_10
#   21|     m21_6(unknown)           = Chi                                : total:m20_10, partial:m21_5
#   21|     v21_7(void)              = ^BufferReadSideEffect[0]           : &:r21_3, ~m13_3
#   21|     m21_8(unknown)           = ^BufferMayWriteSideEffect[0]       : &:r21_3
#   21|     m21_9(unknown)           = Chi                                : total:m21_6, partial:m21_8
#   24|     r24_1(glval<char *>)     = VariableAddress[c2]                : 
#   24|     r24_2(glval<char *>)     = VariableAddress[c1]                : 
#   24|     r24_3(char *)            = Load                               : &:r24_2, m19_4
#   24|     m24_4(char *)            = Store                              : &:r24_1, r24_3
#   25|     r25_1(glval<unknown>)    = FunctionAddress[printf]            : 
#   25|     r25_2(glval<char *>)     = VariableAddress[c2]                : 
#   25|     r25_3(char *)            = Load                               : &:r25_2, m24_4
#   25|     r25_4(char *)            = Convert                            : r25_3
#   25|     r25_5(int)               = Call                               : func:r25_1, 0:r25_4
#   25|     m25_6(unknown)           = ^CallSideEffect                    : ~m21_9
#   25|     m25_7(unknown)           = Chi                                : total:m21_9, partial:m25_6
#   25|     v25_8(void)              = ^BufferReadSideEffect[0]           : &:r25_4, ~m13_3
#   25|     m25_9(unknown)           = ^BufferMayWriteSideEffect[0]       : &:r25_4
#   25|     m25_10(unknown)          = Chi                                : total:m25_7, partial:m25_9
#   26|     r26_1(glval<unknown>)    = FunctionAddress[printWrapper]      : 
#   26|     r26_2(glval<char *>)     = VariableAddress[c2]                : 
#   26|     r26_3(char *)            = Load                               : &:r26_2, m24_4
#   26|     v26_4(void)              = Call                               : func:r26_1, 0:r26_3
#   26|     m26_5(unknown)           = ^CallSideEffect                    : ~m25_10
#   26|     m26_6(unknown)           = Chi                                : total:m25_10, partial:m26_5
#   26|     v26_7(void)              = ^BufferReadSideEffect[0]           : &:r26_3, ~m13_3
#   26|     m26_8(unknown)           = ^BufferMayWriteSideEffect[0]       : &:r26_3
#   26|     m26_9(unknown)           = Chi                                : total:m26_6, partial:m26_8
#   29|     r29_1(glval<char **>)    = VariableAddress[c3]                : 
#   29|     r29_2(glval<char *>)     = VariableAddress[c2]                : 
#   29|     r29_3(char **)           = CopyValue                          : r29_2
#   29|     m29_4(char **)           = Store                              : &:r29_1, r29_3
#   30|     r30_1(glval<unknown>)    = FunctionAddress[printf]            : 
#   30|     r30_2(glval<char **>)    = VariableAddress[c3]                : 
#   30|     r30_3(char **)           = Load                               : &:r30_2, m29_4
#   30|     r30_4(char *)            = Load                               : &:r30_3, m24_4
#   30|     r30_5(char *)            = Convert                            : r30_4
#   30|     r30_6(int)               = Call                               : func:r30_1, 0:r30_5
#   30|     m30_7(unknown)           = ^CallSideEffect                    : ~m26_9
#   30|     m30_8(unknown)           = Chi                                : total:m26_9, partial:m30_7
#   30|     v30_9(void)              = ^BufferReadSideEffect[0]           : &:r30_5, ~m30_8
#   30|     m30_10(unknown)          = ^BufferMayWriteSideEffect[0]       : &:r30_5
#   30|     m30_11(unknown)          = Chi                                : total:m30_8, partial:m30_10
#   31|     r31_1(glval<unknown>)    = FunctionAddress[printWrapper]      : 
#   31|     r31_2(glval<char **>)    = VariableAddress[c3]                : 
#   31|     r31_3(char **)           = Load                               : &:r31_2, m29_4
#   31|     r31_4(char *)            = Load                               : &:r31_3, m24_4
#   31|     v31_5(void)              = Call                               : func:r31_1, 0:r31_4
#   31|     m31_6(unknown)           = ^CallSideEffect                    : ~m30_11
#   31|     m31_7(unknown)           = Chi                                : total:m30_11, partial:m31_6
#   31|     v31_8(void)              = ^BufferReadSideEffect[0]           : &:r31_4, ~m31_7
#   31|     m31_9(unknown)           = ^BufferMayWriteSideEffect[0]       : &:r31_4
#   31|     m31_10(unknown)          = Chi                                : total:m31_7, partial:m31_9
#   34|     r34_1(glval<char[5012]>) = VariableAddress[c4]                : 
#   34|     m34_2(char[5012])        = Uninitialized[c4]                  : &:r34_1
#   35|     r35_1(glval<unknown>)    = FunctionAddress[memcpy]            : 
#   35|     r35_2(glval<char[5012]>) = VariableAddress[c4]                : 
#   35|     r35_3(char *)            = Convert                            : r35_2
#   35|     r35_4(void *)            = Convert                            : r35_3
#   35|     r35_5(glval<char[8]>)    = StringConstant["Correct"]          : 
#   35|     r35_6(char *)            = Convert                            : r35_5
#   35|     r35_7(void *)            = Convert                            : r35_6
#   35|     r35_8(unsigned long)     = Constant[5012]                     : 
#   35|     r35_9(void *)            = Call                               : func:r35_1, 0:r35_4, 1:r35_7, 2:r35_8
#   35|     v35_10(void)             = ^SizedBufferReadSideEffect[1]      : &:r35_7, r35_8, ~m13_3
#   35|     m35_11(unknown)          = ^SizedBufferMustWriteSideEffect[0] : &:r35_4, r35_8
#   35|     m35_12(char[5012])       = Chi                                : total:m34_2, partial:m35_11
#   36|     r36_1(glval<unknown>)    = FunctionAddress[printf]            : 
#   36|     r36_2(glval<char[5012]>) = VariableAddress[c4]                : 
#   36|     r36_3(char *)            = Convert                            : r36_2
#   36|     r36_4(char *)            = Convert                            : r36_3
#   36|     r36_5(int)               = Call                               : func:r36_1, 0:r36_4
#   36|     m36_6(unknown)           = ^CallSideEffect                    : ~m31_10
#   36|     m36_7(unknown)           = Chi                                : total:m31_10, partial:m36_6
#   36|     v36_8(void)              = ^BufferReadSideEffect[0]           : &:r36_4, ~m35_12
#   36|     m36_9(unknown)           = ^BufferMayWriteSideEffect[0]       : &:r36_4
#   36|     m36_10(char[5012])       = Chi                                : total:m35_12, partial:m36_9
#   37|     r37_1(glval<unknown>)    = FunctionAddress[printWrapper]      : 
#   37|     r37_2(glval<char[5012]>) = VariableAddress[c4]                : 
#   37|     r37_3(char *)            = Convert                            : r37_2
#   37|     v37_4(void)              = Call                               : func:r37_1, 0:r37_3
#   37|     m37_5(unknown)           = ^CallSideEffect                    : ~m36_7
#   37|     m37_6(unknown)           = Chi                                : total:m36_7, partial:m37_5
#   37|     v37_7(void)              = ^BufferReadSideEffect[0]           : &:r37_3, ~m36_10
#   37|     m37_8(unknown)           = ^BufferMayWriteSideEffect[0]       : &:r37_3
#   37|     m37_9(char[5012])        = Chi                                : total:m36_10, partial:m37_8
#   40|     r40_1(glval<char *>)     = VariableAddress[c5]                : 
#   40|     r40_2(glval<char[5012]>) = VariableAddress[c4]                : 
#   40|     r40_3(char *)            = Convert                            : r40_2
#   40|     m40_4(char *)            = Store                              : &:r40_1, r40_3
#   41|     r41_1(glval<unknown>)    = FunctionAddress[printf]            : 
#   41|     r41_2(glval<char *>)     = VariableAddress[c5]                : 
#   41|     r41_3(char *)            = Load                               : &:r41_2, m40_4
#   41|     r41_4(char *)            = Convert                            : r41_3
#   41|     r41_5(int)               = Call                               : func:r41_1, 0:r41_4
#   41|     m41_6(unknown)           = ^CallSideEffect                    : ~m37_6
#   41|     m41_7(unknown)           = Chi                                : total:m37_6, partial:m41_6
#   41|     v41_8(void)              = ^BufferReadSideEffect[0]           : &:r41_4, ~m37_9
#   41|     m41_9(unknown)           = ^BufferMayWriteSideEffect[0]       : &:r41_4
#   41|     m41_10(char[5012])       = Chi                                : total:m37_9, partial:m41_9
#   42|     r42_1(glval<unknown>)    = FunctionAddress[printWrapper]      : 
#   42|     r42_2(glval<char *>)     = VariableAddress[c5]                : 
#   42|     r42_3(char *)            = Load                               : &:r42_2, m40_4
#   42|     v42_4(void)              = Call                               : func:r42_1, 0:r42_3
#   42|     m42_5(unknown)           = ^CallSideEffect                    : ~m41_7
#   42|     m42_6(unknown)           = Chi                                : total:m41_7, partial:m42_5
#   42|     v42_7(void)              = ^BufferReadSideEffect[0]           : &:r42_3, ~m41_10
#   42|     m42_8(unknown)           = ^BufferMayWriteSideEffect[0]       : &:r42_3
#   42|     m42_9(char[5012])        = Chi                                : total:m41_10, partial:m42_8
#   45|     r45_1(glval<char *>)     = VariableAddress[c6]                : 
#   45|     m45_2(char *)            = Uninitialized[c6]                  : &:r45_1
#   46|     r46_1(glval<char *>)     = VariableAddress[c1]                : 
#   46|     r46_2(char *)            = Load                               : &:r46_1, m19_4
#   46|     r46_3(char)              = Load                               : &:r46_2, ~m13_3
#   46|     r46_4(glval<char *>)     = VariableAddress[c6]                : 
#   46|     r46_5(char *)            = Load                               : &:r46_4, m45_2
#   46|     r46_6(glval<char>)       = CopyValue                          : r46_5
#   46|     m46_7(char)              = Store                              : &:r46_6, r46_3
#   46|     m46_8(unknown)           = Chi                                : total:m42_6, partial:m46_7
#   47|     r47_1(glval<unknown>)    = FunctionAddress[printf]            : 
#   47|     r47_2(glval<char *>)     = VariableAddress[c6]                : 
#   47|     r47_3(char *)            = Load                               : &:r47_2, m45_2
#   47|     r47_4(char *)            = Convert                            : r47_3
#   47|     r47_5(int)               = Call                               : func:r47_1, 0:r47_4
#   47|     m47_6(unknown)           = ^CallSideEffect                    : ~m46_8
#   47|     m47_7(unknown)           = Chi                                : total:m46_8, partial:m47_6
#   47|     v47_8(void)              = ^BufferReadSideEffect[0]           : &:r47_4, ~m47_7
#   47|     m47_9(unknown)           = ^BufferMayWriteSideEffect[0]       : &:r47_4
#   47|     m47_10(unknown)          = Chi                                : total:m47_7, partial:m47_9
#   48|     r48_1(glval<unknown>)    = FunctionAddress[printWrapper]      : 
#   48|     r48_2(glval<char *>)     = VariableAddress[c6]                : 
#   48|     r48_3(char *)            = Load                               : &:r48_2, m45_2
#   48|     v48_4(void)              = Call                               : func:r48_1, 0:r48_3
#   48|     m48_5(unknown)           = ^CallSideEffect                    : ~m47_10
#   48|     m48_6(unknown)           = Chi                                : total:m47_10, partial:m48_5
#   48|     v48_7(void)              = ^BufferReadSideEffect[0]           : &:r48_3, ~m48_6
#   48|     m48_8(unknown)           = ^BufferMayWriteSideEffect[0]       : &:r48_3
#   48|     m48_9(unknown)           = Chi                                : total:m48_6, partial:m48_8
#   51|     r51_1(glval<unknown>)    = FunctionAddress[printf]            : 
#   51|     r51_2(glval<char[8]>)    = StringConstant["Correct"]          : 
#   51|     r51_3(char *)            = Convert                            : r51_2
#   51|     r51_4(int)               = Constant[1]                        : 
#   51|     r51_5(char *)            = PointerAdd[1]                      : r51_3, r51_4
#   51|     r51_6(char *)            = Convert                            : r51_5
#   51|     r51_7(int)               = Call                               : func:r51_1, 0:r51_6
#   51|     m51_8(unknown)           = ^CallSideEffect                    : ~m48_9
#   51|     m51_9(unknown)           = Chi                                : total:m48_9, partial:m51_8
#   51|     v51_10(void)             = ^BufferReadSideEffect[0]           : &:r51_6, ~m13_3
#   51|     m51_11(unknown)          = ^BufferMayWriteSideEffect[0]       : &:r51_6
#   51|     m51_12(unknown)          = Chi                                : total:m51_9, partial:m51_11
#   52|     r52_1(glval<unknown>)    = FunctionAddress[printWrapper]      : 
#   52|     r52_2(glval<char[8]>)    = StringConstant["Correct"]          : 
#   52|     r52_3(char *)            = Convert                            : r52_2
#   52|     r52_4(int)               = Constant[1]                        : 
#   52|     r52_5(char *)            = PointerAdd[1]                      : r52_3, r52_4
#   52|     v52_6(void)              = Call                               : func:r52_1, 0:r52_5
#   52|     m52_7(unknown)           = ^CallSideEffect                    : ~m51_12
#   52|     m52_8(unknown)           = Chi                                : total:m51_12, partial:m52_7
#   52|     v52_9(void)              = ^BufferReadSideEffect[0]           : &:r52_5, ~m13_3
#   52|     m52_10(unknown)          = ^BufferMayWriteSideEffect[0]       : &:r52_5
#   52|     m52_11(unknown)          = Chi                                : total:m52_8, partial:m52_10
#   55|     r55_1(glval<unknown>)    = FunctionAddress[printf]            : 
#   55|     r55_2(glval<char *>)     = VariableAddress[c6]                : 
#   55|     r55_3(char *)            = Load                               : &:r55_2, m45_2
#   55|     r55_4(int)               = Constant[1]                        : 
#   55|     r55_5(char *)            = PointerAdd[1]                      : r55_3, r55_4
#   55|     m55_6(char *)            = Store                              : &:r55_2, r55_5
#   55|     r55_7(char *)            = CopyValue                          : r55_3
#   55|     r55_8(char *)            = Convert                            : r55_7
#   55|     r55_9(int)               = Call                               : func:r55_1, 0:r55_8
#   55|     m55_10(unknown)          = ^CallSideEffect                    : ~m52_11
#   55|     m55_11(unknown)          = Chi                                : total:m52_11, partial:m55_10
#   55|     v55_12(void)             = ^BufferReadSideEffect[0]           : &:r55_8, ~m55_11
#   55|     m55_13(unknown)          = ^BufferMayWriteSideEffect[0]       : &:r55_8
#   55|     m55_14(unknown)          = Chi                                : total:m55_11, partial:m55_13
#   56|     r56_1(glval<unknown>)    = FunctionAddress[printWrapper]      : 
#   56|     r56_2(glval<char *>)     = VariableAddress[c6]                : 
#   56|     r56_3(char *)            = Load                               : &:r56_2, m55_6
#   56|     r56_4(int)               = Constant[1]                        : 
#   56|     r56_5(char *)            = PointerSub[1]                      : r56_3, r56_4
#   56|     m56_6(char *)            = Store                              : &:r56_2, r56_5
#   56|     v56_7(void)              = Call                               : func:r56_1, 0:r56_5
#   56|     m56_8(unknown)           = ^CallSideEffect                    : ~m55_14
#   56|     m56_9(unknown)           = Chi                                : total:m55_14, partial:m56_8
#   56|     v56_10(void)             = ^BufferReadSideEffect[0]           : &:r56_5, ~m56_9
#   56|     m56_11(unknown)          = ^BufferMayWriteSideEffect[0]       : &:r56_5
#   56|     m56_12(unknown)          = Chi                                : total:m56_9, partial:m56_11
#   59|     r59_1(glval<unknown>)    = FunctionAddress[printf]            : 
#   59|     r59_2(int)               = Constant[1]                        : 
#   59|     v59_3(void)              = ConditionalBranch                  : r59_2
#-----|   False -> Block 19
#-----|   True -> Block 1

#   59|   Block 1
#   59|     r59_4(glval<char[2]>) = StringConstant["a"]           : 
#   59|     r59_5(char *)         = Convert                       : r59_4
#   59|     r59_6(glval<char *>)  = VariableAddress[#temp59:9]    : 
#   59|     m59_7(char *)         = Store                         : &:r59_6, r59_5
#   59|     r59_8(glval<char *>)  = VariableAddress[#temp59:9]    : 
#   59|     r59_9(char *)         = Load                          : &:r59_8, m59_7
#   59|     r59_10(char *)        = Convert                       : r59_9
#   59|     r59_11(int)           = Call                          : func:r59_1, 0:r59_10
#   59|     m59_12(unknown)       = ^CallSideEffect               : ~m56_12
#   59|     m59_13(unknown)       = Chi                           : total:m56_12, partial:m59_12
#   59|     v59_14(void)          = ^BufferReadSideEffect[0]      : &:r59_10, ~m13_3
#   59|     m59_15(unknown)       = ^BufferMayWriteSideEffect[0]  : &:r59_10
#   59|     m59_16(unknown)       = Chi                           : total:m59_13, partial:m59_15
#   60|     r60_1(glval<unknown>) = FunctionAddress[printWrapper] : 
#   60|     r60_2(int)            = Constant[1]                   : 
#   60|     v60_3(void)           = ConditionalBranch             : r60_2
#-----|   False -> Block 19
#-----|   True -> Block 2

#   60|   Block 2
#   60|     r60_4(glval<char[2]>) = StringConstant["a"]          : 
#   60|     r60_5(char *)         = Convert                      : r60_4
#   60|     r60_6(glval<char *>)  = VariableAddress[#temp60:15]  : 
#   60|     m60_7(char *)         = Store                        : &:r60_6, r60_5
#   60|     r60_8(glval<char *>)  = VariableAddress[#temp60:15]  : 
#   60|     r60_9(char *)         = Load                         : &:r60_8, m60_7
#   60|     v60_10(void)          = Call                         : func:r60_1, 0:r60_9
#   60|     m60_11(unknown)       = ^CallSideEffect              : ~m59_16
#   60|     m60_12(unknown)       = Chi                          : total:m59_16, partial:m60_11
#   60|     v60_13(void)          = ^BufferReadSideEffect[0]     : &:r60_9, ~m13_3
#   60|     m60_14(unknown)       = ^BufferMayWriteSideEffect[0] : &:r60_9
#   60|     m60_15(unknown)       = Chi                          : total:m60_12, partial:m60_14
#   63|     r63_1(glval<unknown>) = FunctionAddress[printf]      : 
#   63|     r63_2(glval<char **>) = VariableAddress[argv]        : 
#   63|     r63_3(char **)        = Load                         : &:r63_2, m13_9
#   63|     r63_4(int)            = Constant[1]                  : 
#   63|     r63_5(glval<char *>)  = PointerAdd[8]                : r63_3, r63_4
#   63|     r63_6(char *)         = Load                         : &:r63_5, ~m13_11
#   63|     v63_7(void)           = ConditionalBranch            : r63_6
#-----|   False -> Block 5
#-----|   True -> Block 4

#   63|   Block 3
#   63|     m63_8(char *)         = Phi                           : from 4:m63_21, from 5:m63_25
#   63|     r63_9(glval<char *>)  = VariableAddress[#temp63:9]    : 
#   63|     r63_10(char *)        = Load                          : &:r63_9, m63_8
#   63|     r63_11(char *)        = Convert                       : r63_10
#   63|     r63_12(int)           = Call                          : func:r63_1, 0:r63_11
#   63|     m63_13(unknown)       = ^CallSideEffect               : ~m60_15
#   63|     m63_14(unknown)       = Chi                           : total:m60_15, partial:m63_13
#   63|     v63_15(void)          = ^BufferReadSideEffect[0]      : &:r63_11, ~m63_14
#   63|     m63_16(unknown)       = ^BufferMayWriteSideEffect[0]  : &:r63_11
#   63|     m63_17(unknown)       = Chi                           : total:m63_14, partial:m63_16
#   64|     r64_1(glval<unknown>) = FunctionAddress[printWrapper] : 
#   64|     r64_2(glval<char **>) = VariableAddress[argv]         : 
#   64|     r64_3(char **)        = Load                          : &:r64_2, m13_9
#   64|     r64_4(int)            = Constant[1]                   : 
#   64|     r64_5(glval<char *>)  = PointerAdd[8]                 : r64_3, r64_4
#   64|     r64_6(char *)         = Load                          : &:r64_5, ~m13_11
#   64|     v64_7(void)           = ConditionalBranch             : r64_6
#-----|   False -> Block 8
#-----|   True -> Block 7

#   63|   Block 4
#   63|     r63_18(glval<char[2]>) = StringConstant["a"]        : 
#   63|     r63_19(char *)         = Convert                    : r63_18
#   63|     r63_20(glval<char *>)  = VariableAddress[#temp63:9] : 
#   63|     m63_21(char *)         = Store                      : &:r63_20, r63_19
#-----|   Goto -> Block 3

#   63|   Block 5
#   63|     r63_22(glval<char *>) = VariableAddress[c5]        : 
#   63|     r63_23(char *)        = Load                       : &:r63_22, m40_4
#   63|     r63_24(glval<char *>) = VariableAddress[#temp63:9] : 
#   63|     m63_25(char *)        = Store                      : &:r63_24, r63_23
#-----|   Goto -> Block 3

#   64|   Block 6
#   64|     m64_8(char *)         = Phi                           : from 7:m64_20, from 8:m64_24
#   64|     r64_9(glval<char *>)  = VariableAddress[#temp64:15]   : 
#   64|     r64_10(char *)        = Load                          : &:r64_9, m64_8
#   64|     v64_11(void)          = Call                          : func:r64_1, 0:r64_10
#   64|     m64_12(unknown)       = ^CallSideEffect               : ~m63_17
#   64|     m64_13(unknown)       = Chi                           : total:m63_17, partial:m64_12
#   64|     v64_14(void)          = ^BufferReadSideEffect[0]      : &:r64_10, ~m64_13
#   64|     m64_15(unknown)       = ^BufferMayWriteSideEffect[0]  : &:r64_10
#   64|     m64_16(unknown)       = Chi                           : total:m64_13, partial:m64_15
#   67|     r67_1(glval<char *>)  = VariableAddress[c7]           : 
#   67|     r67_2(glval<char **>) = VariableAddress[argv]         : 
#   67|     r67_3(char **)        = Load                          : &:r67_2, m13_9
#   67|     r67_4(int)            = Constant[1]                   : 
#   67|     r67_5(glval<char *>)  = PointerAdd[8]                 : r67_3, r67_4
#   67|     r67_6(char *)         = Load                          : &:r67_5, ~m13_11
#   67|     r67_7(glval<char[2]>) = StringConstant["a"]           : 
#   67|     r67_8(char *)         = Convert                       : r67_7
#   67|     r67_9(char *)         = CopyValue                     : r67_8
#   67|     m67_10(char *)        = Store                         : &:r67_1, r67_9
#   68|     r68_1(glval<unknown>) = FunctionAddress[printf]       : 
#   68|     r68_2(glval<char *>)  = VariableAddress[c7]           : 
#   68|     r68_3(char *)         = Load                          : &:r68_2, m67_10
#   68|     r68_4(char *)         = Convert                       : r68_3
#   68|     r68_5(int)            = Call                          : func:r68_1, 0:r68_4
#   68|     m68_6(unknown)        = ^CallSideEffect               : ~m64_16
#   68|     m68_7(unknown)        = Chi                           : total:m64_16, partial:m68_6
#   68|     v68_8(void)           = ^BufferReadSideEffect[0]      : &:r68_4, ~m13_3
#   68|     m68_9(unknown)        = ^BufferMayWriteSideEffect[0]  : &:r68_4
#   68|     m68_10(unknown)       = Chi                           : total:m68_7, partial:m68_9
#   69|     r69_1(glval<unknown>) = FunctionAddress[printWrapper] : 
#   69|     r69_2(glval<char *>)  = VariableAddress[c7]           : 
#   69|     r69_3(char *)         = Load                          : &:r69_2, m67_10
#   69|     v69_4(void)           = Call                          : func:r69_1, 0:r69_3
#   69|     m69_5(unknown)        = ^CallSideEffect               : ~m68_10
#   69|     m69_6(unknown)        = Chi                           : total:m68_10, partial:m69_5
#   69|     v69_7(void)           = ^BufferReadSideEffect[0]      : &:r69_3, ~m13_3
#   69|     m69_8(unknown)        = ^BufferMayWriteSideEffect[0]  : &:r69_3
#   69|     m69_9(unknown)        = Chi                           : total:m69_6, partial:m69_8
#   72|     r72_1(glval<char *>)  = VariableAddress[c8]           : 
#   72|     m72_2(char *)         = Uninitialized[c8]             : &:r72_1
#   73|     r73_1(glval<char[2]>) = StringConstant["a"]           : 
#   73|     r73_2(char *)         = Convert                       : r73_1
#   73|     r73_3(glval<char *>)  = VariableAddress[c8]           : 
#   73|     r73_4(char **)        = CopyValue                     : r73_3
#   73|     r73_5(int)            = Constant[1]                   : 
#   73|     r73_6(char **)        = PointerAdd[8]                 : r73_4, r73_5
#   73|     r73_7(glval<char *>)  = CopyValue                     : r73_6
#   73|     m73_8(char *)         = Store                         : &:r73_7, r73_2
#   74|     r74_1(glval<unknown>) = FunctionAddress[printf]       : 
#   74|     r74_2(glval<char *>)  = VariableAddress[c8]           : 
#   74|     r74_3(char *)         = Load                          : &:r74_2, m72_2
#   74|     r74_4(char *)         = Convert                       : r74_3
#   74|     r74_5(int)            = Call                          : func:r74_1, 0:r74_4
#   74|     m74_6(unknown)        = ^CallSideEffect               : ~m69_9
#   74|     m74_7(unknown)        = Chi                           : total:m69_9, partial:m74_6
#   74|     v74_8(void)           = ^BufferReadSideEffect[0]      : &:r74_4, ~m74_7
#   74|     m74_9(unknown)        = ^BufferMayWriteSideEffect[0]  : &:r74_4
#   74|     m74_10(unknown)       = Chi                           : total:m74_7, partial:m74_9
#   75|     r75_1(glval<unknown>) = FunctionAddress[printWrapper] : 
#   75|     r75_2(glval<char *>)  = VariableAddress[c8]           : 
#   75|     r75_3(char *)         = Load                          : &:r75_2, m72_2
#   75|     v75_4(void)           = Call                          : func:r75_1, 0:r75_3
#   75|     m75_5(unknown)        = ^CallSideEffect               : ~m74_10
#   75|     m75_6(unknown)        = Chi                           : total:m74_10, partial:m75_5
#   75|     v75_7(void)           = ^BufferReadSideEffect[0]      : &:r75_3, ~m75_6
#   75|     m75_8(unknown)        = ^BufferMayWriteSideEffect[0]  : &:r75_3
#   75|     m75_9(unknown)        = Chi                           : total:m75_6, partial:m75_8
#   78|     r78_1(glval<char *>)  = VariableAddress[c9]           : 
#   78|     m78_2(char *)         = Uninitialized[c9]             : &:r78_1
#   79|     r79_1(glval<unknown>) = FunctionAddress[memcpy]       : 
#   79|     r79_2(int)            = Constant[1]                   : 
#   79|     v79_3(void)           = ConditionalBranch             : r79_2
#-----|   False -> Block 19
#-----|   True -> Block 9

#   64|   Block 7
#   64|     r64_17(glval<char[2]>) = StringConstant["a"]         : 
#   64|     r64_18(char *)         = Convert                     : r64_17
#   64|     r64_19(glval<char *>)  = VariableAddress[#temp64:15] : 
#   64|     m64_20(char *)         = Store                       : &:r64_19, r64_18
#-----|   Goto -> Block 6

#   64|   Block 8
#   64|     r64_21(glval<char *>) = VariableAddress[c5]         : 
#   64|     r64_22(char *)        = Load                        : &:r64_21, m40_4
#   64|     r64_23(glval<char *>) = VariableAddress[#temp64:15] : 
#   64|     m64_24(char *)        = Store                       : &:r64_23, r64_22
#-----|   Goto -> Block 6

#   79|   Block 9
#   79|     r79_4(glval<char *>)   = VariableAddress[c9]                : 
#   79|     r79_5(char *)          = Load                               : &:r79_4, m78_2
#   79|     r79_6(int)             = Constant[1]                        : 
#   79|     r79_7(char *)          = PointerAdd[1]                      : r79_5, r79_6
#   79|     m79_8(char *)          = Store                              : &:r79_4, r79_7
#   79|     r79_9(char *)          = CopyValue                          : r79_5
#   79|     r79_10(glval<char *>)  = VariableAddress[#temp79:9]         : 
#   79|     m79_11(char *)         = Store                              : &:r79_10, r79_9
#   79|     r79_12(glval<char *>)  = VariableAddress[#temp79:9]         : 
#   79|     r79_13(char *)         = Load                               : &:r79_12, m79_11
#   79|     r79_14(void *)         = Convert                            : r79_13
#   79|     r79_15(glval<char[8]>) = StringConstant["Correct"]          : 
#   79|     r79_16(char *)         = Convert                            : r79_15
#   79|     r79_17(void *)         = Convert                            : r79_16
#   79|     r79_18(unsigned long)  = Constant[5012]                     : 
#   79|     r79_19(void *)         = Call                               : func:r79_1, 0:r79_14, 1:r79_17, 2:r79_18
#   79|     v79_20(void)           = ^SizedBufferReadSideEffect[1]      : &:r79_17, r79_18, ~m13_3
#   79|     m79_21(unknown)        = ^SizedBufferMustWriteSideEffect[0] : &:r79_14, r79_18
#   79|     m79_22(unknown)        = Chi                                : total:m75_9, partial:m79_21
#   80|     r80_1(glval<unknown>)  = FunctionAddress[printf]            : 
#   80|     r80_2(glval<char *>)   = VariableAddress[c9]                : 
#   80|     r80_3(char *)          = Load                               : &:r80_2, m79_8
#   80|     r80_4(char *)          = Convert                            : r80_3
#   80|     r80_5(int)             = Call                               : func:r80_1, 0:r80_4
#   80|     m80_6(unknown)         = ^CallSideEffect                    : ~m79_22
#   80|     m80_7(unknown)         = Chi                                : total:m79_22, partial:m80_6
#   80|     v80_8(void)            = ^BufferReadSideEffect[0]           : &:r80_4, ~m80_7
#   80|     m80_9(unknown)         = ^BufferMayWriteSideEffect[0]       : &:r80_4
#   80|     m80_10(unknown)        = Chi                                : total:m80_7, partial:m80_9
#   81|     r81_1(glval<unknown>)  = FunctionAddress[printWrapper]      : 
#   81|     r81_2(glval<char *>)   = VariableAddress[c9]                : 
#   81|     r81_3(char *)          = Load                               : &:r81_2, m79_8
#   81|     v81_4(void)            = Call                               : func:r81_1, 0:r81_3
#   81|     m81_5(unknown)         = ^CallSideEffect                    : ~m80_10
#   81|     m81_6(unknown)         = Chi                                : total:m80_10, partial:m81_5
#   81|     v81_7(void)            = ^BufferReadSideEffect[0]           : &:r81_3, ~m81_6
#   81|     m81_8(unknown)         = ^BufferMayWriteSideEffect[0]       : &:r81_3
#   81|     m81_9(unknown)         = Chi                                : total:m81_6, partial:m81_8
#   84|     r84_1(glval<char *>)   = VariableAddress[c91]               : 
#   84|     m84_2(char *)          = Uninitialized[c91]                 : &:r84_1
#   85|     r85_1(glval<unknown>)  = FunctionAddress[memcpy]            : 
#   85|     r85_2(int)             = Constant[0]                        : 
#   85|     v85_3(void)            = ConditionalBranch                  : r85_2
#-----|   False -> Block 10
#-----|   True -> Block 19

#   85|   Block 10
#   85|     r85_4(glval<char *>)      = VariableAddress[c91]               : 
#   85|     r85_5(char *)             = Load                               : &:r85_4, m84_2
#   85|     r85_6(int)                = Convert                            : r85_5
#   85|     r85_7(int)                = Constant[2]                        : 
#   85|     r85_8(int)                = Mul                                : r85_6, r85_7
#   85|     r85_9(char *)             = Convert                            : r85_8
#   85|     r85_10(glval<char *>)     = VariableAddress[#temp85:9]         : 
#   85|     m85_11(char *)            = Store                              : &:r85_10, r85_9
#   85|     r85_12(glval<char *>)     = VariableAddress[#temp85:9]         : 
#   85|     r85_13(char *)            = Load                               : &:r85_12, m85_11
#   85|     r85_14(void *)            = Convert                            : r85_13
#   85|     r85_15(glval<char[8]>)    = StringConstant["Correct"]          : 
#   85|     r85_16(char *)            = Convert                            : r85_15
#   85|     r85_17(void *)            = Convert                            : r85_16
#   85|     r85_18(unsigned long)     = Constant[5012]                     : 
#   85|     r85_19(void *)            = Call                               : func:r85_1, 0:r85_14, 1:r85_17, 2:r85_18
#   85|     v85_20(void)              = ^SizedBufferReadSideEffect[1]      : &:r85_17, r85_18, ~m13_3
#   85|     m85_21(unknown)           = ^SizedBufferMustWriteSideEffect[0] : &:r85_14, r85_18
#   85|     m85_22(unknown)           = Chi                                : total:m81_9, partial:m85_21
#   86|     r86_1(glval<unknown>)     = FunctionAddress[printf]            : 
#   86|     r86_2(glval<char *>)      = VariableAddress[c91]               : 
#   86|     r86_3(char *)             = Load                               : &:r86_2, m84_2
#   86|     r86_4(char *)             = Convert                            : r86_3
#   86|     r86_5(int)                = Call                               : func:r86_1, 0:r86_4
#   86|     m86_6(unknown)            = ^CallSideEffect                    : ~m85_22
#   86|     m86_7(unknown)            = Chi                                : total:m85_22, partial:m86_6
#   86|     v86_8(void)               = ^BufferReadSideEffect[0]           : &:r86_4, ~m86_7
#   86|     m86_9(unknown)            = ^BufferMayWriteSideEffect[0]       : &:r86_4
#   86|     m86_10(unknown)           = Chi                                : total:m86_7, partial:m86_9
#   87|     r87_1(glval<unknown>)     = FunctionAddress[printWrapper]      : 
#   87|     r87_2(glval<char *>)      = VariableAddress[c91]               : 
#   87|     r87_3(char *)             = Load                               : &:r87_2, m84_2
#   87|     v87_4(void)               = Call                               : func:r87_1, 0:r87_3
#   87|     m87_5(unknown)            = ^CallSideEffect                    : ~m86_10
#   87|     m87_6(unknown)            = Chi                                : total:m86_10, partial:m87_5
#   87|     v87_7(void)               = ^BufferReadSideEffect[0]           : &:r87_3, ~m87_6
#   87|     m87_8(unknown)            = ^BufferMayWriteSideEffect[0]       : &:r87_3
#   87|     m87_9(unknown)            = Chi                                : total:m87_6, partial:m87_8
#   90|     r90_1(glval<int>)         = VariableAddress[c10]               : 
#   90|     r90_2(glval<char[4]>)     = StringConstant["aaa"]              : 
#   90|     r90_3(char *)             = Convert                            : r90_2
#   90|     r90_4(int)                = Convert                            : r90_3
#   90|     m90_5(int)                = Store                              : &:r90_1, r90_4
#   91|     r91_1(glval<unknown>)     = FunctionAddress[printf]            : 
#   91|     r91_2(glval<int>)         = VariableAddress[c10]               : 
#   91|     r91_3(int)                = Load                               : &:r91_2, m90_5
#   91|     r91_4(char *)             = Convert                            : r91_3
#   91|     r91_5(char *)             = Convert                            : r91_4
#   91|     r91_6(int)                = Call                               : func:r91_1, 0:r91_5
#   91|     m91_7(unknown)            = ^CallSideEffect                    : ~m87_9
#   91|     m91_8(unknown)            = Chi                                : total:m87_9, partial:m91_7
#   91|     v91_9(void)               = ^BufferReadSideEffect[0]           : &:r91_5, ~m91_8
#   91|     m91_10(unknown)           = ^BufferMayWriteSideEffect[0]       : &:r91_5
#   91|     m91_11(unknown)           = Chi                                : total:m91_8, partial:m91_10
#   92|     r92_1(glval<unknown>)     = FunctionAddress[printWrapper]      : 
#   92|     r92_2(glval<int>)         = VariableAddress[c10]               : 
#   92|     r92_3(int)                = Load                               : &:r92_2, m90_5
#   92|     r92_4(char *)             = Convert                            : r92_3
#   92|     v92_5(void)               = Call                               : func:r92_1, 0:r92_4
#   92|     m92_6(unknown)            = ^CallSideEffect                    : ~m91_11
#   92|     m92_7(unknown)            = Chi                                : total:m91_11, partial:m92_6
#   92|     v92_8(void)               = ^BufferReadSideEffect[0]           : &:r92_4, ~m92_7
#   92|     m92_9(unknown)            = ^BufferMayWriteSideEffect[0]       : &:r92_4
#   92|     m92_10(unknown)           = Chi                                : total:m92_7, partial:m92_9
#   95|     r95_1(glval<unknown>)     = FunctionAddress[printf]            : 
#   95|     r95_2(glval<char **>)     = VariableAddress[argv]              : 
#   95|     r95_3(char **)            = Load                               : &:r95_2, m13_9
#   95|     r95_4(int)                = Constant[1]                        : 
#   95|     r95_5(glval<char *>)      = PointerAdd[8]                      : r95_3, r95_4
#   95|     r95_6(char *)             = Load                               : &:r95_5, ~m13_11
#   95|     r95_7(char *)             = Convert                            : r95_6
#   95|     r95_8(int)                = Call                               : func:r95_1, 0:r95_7
#   95|     m95_9(unknown)            = ^CallSideEffect                    : ~m92_10
#   95|     m95_10(unknown)           = Chi                                : total:m92_10, partial:m95_9
#   95|     v95_11(void)              = ^BufferReadSideEffect[0]           : &:r95_7, ~m95_10
#   95|     m95_12(unknown)           = ^BufferMayWriteSideEffect[0]       : &:r95_7
#   95|     m95_13(unknown)           = Chi                                : total:m95_10, partial:m95_12
#   96|     r96_1(glval<unknown>)     = FunctionAddress[printWrapper]      : 
#   96|     r96_2(glval<char **>)     = VariableAddress[argv]              : 
#   96|     r96_3(char **)            = Load                               : &:r96_2, m13_9
#   96|     r96_4(int)                = Constant[1]                        : 
#   96|     r96_5(glval<char *>)      = PointerAdd[8]                      : r96_3, r96_4
#   96|     r96_6(char *)             = Load                               : &:r96_5, ~m13_11
#   96|     v96_7(void)               = Call                               : func:r96_1, 0:r96_6
#   96|     m96_8(unknown)            = ^CallSideEffect                    : ~m95_13
#   96|     m96_9(unknown)            = Chi                                : total:m95_13, partial:m96_8
#   96|     v96_10(void)              = ^BufferReadSideEffect[0]           : &:r96_6, ~m96_9
#   96|     m96_11(unknown)           = ^BufferMayWriteSideEffect[0]       : &:r96_6
#   96|     m96_12(unknown)           = Chi                                : total:m96_9, partial:m96_11
#   99|     r99_1(glval<char *>)      = VariableAddress[i1]                : 
#   99|     m99_2(char *)             = Uninitialized[i1]                  : &:r99_1
#  100|     r100_1(glval<char **>)    = VariableAddress[argv]              : 
#  100|     r100_2(char **)           = Load                               : &:r100_1, m13_9
#  100|     r100_3(int)               = Constant[1]                        : 
#  100|     r100_4(glval<char *>)     = PointerAdd[8]                      : r100_2, r100_3
#  100|     r100_5(char *)            = Load                               : &:r100_4, ~m13_11
#  100|     r100_6(glval<char *>)     = VariableAddress[i1]                : 
#  100|     m100_7(char *)            = Store                              : &:r100_6, r100_5
#  101|     r101_1(glval<unknown>)    = FunctionAddress[printf]            : 
#  101|     r101_2(glval<char *>)     = VariableAddress[i1]                : 
#  101|     r101_3(char *)            = Load                               : &:r101_2, m100_7
#  101|     r101_4(char *)            = Convert                            : r101_3
#  101|     r101_5(int)               = Call                               : func:r101_1, 0:r101_4
#  101|     m101_6(unknown)           = ^CallSideEffect                    : ~m96_12
#  101|     m101_7(unknown)           = Chi                                : total:m96_12, partial:m101_6
#  101|     v101_8(void)              = ^BufferReadSideEffect[0]           : &:r101_4, ~m101_7
#  101|     m101_9(unknown)           = ^BufferMayWriteSideEffect[0]       : &:r101_4
#  101|     m101_10(unknown)          = Chi                                : total:m101_7, partial:m101_9
#  102|     r102_1(glval<unknown>)    = FunctionAddress[printWrapper]      : 
#  102|     r102_2(glval<char *>)     = VariableAddress[i1]                : 
#  102|     r102_3(char *)            = Load                               : &:r102_2, m100_7
#  102|     v102_4(void)              = Call                               : func:r102_1, 0:r102_3
#  102|     m102_5(unknown)           = ^CallSideEffect                    : ~m101_10
#  102|     m102_6(unknown)           = Chi                                : total:m101_10, partial:m102_5
#  102|     v102_7(void)              = ^BufferReadSideEffect[0]           : &:r102_3, ~m102_6
#  102|     m102_8(unknown)           = ^BufferMayWriteSideEffect[0]       : &:r102_3
#  102|     m102_9(unknown)           = Chi                                : total:m102_6, partial:m102_8
#  105|     r105_1(glval<char **>)    = VariableAddress[i2]                : 
#  105|     r105_2(glval<char **>)    = VariableAddress[argv]              : 
#  105|     r105_3(char **)           = Load                               : &:r105_2, m13_9
#  105|     m105_4(char **)           = Store                              : &:r105_1, r105_3
#  106|     r106_1(glval<unknown>)    = FunctionAddress[printf]            : 
#  106|     r106_2(glval<char **>)    = VariableAddress[i2]                : 
#  106|     r106_3(char **)           = Load                               : &:r106_2, m105_4
#  106|     r106_4(int)               = Constant[0]                        : 
#  106|     r106_5(glval<char *>)     = PointerAdd[8]                      : r106_3, r106_4
#  106|     r106_6(char *)            = Load                               : &:r106_5, ~m13_11
#  106|     r106_7(char *)            = Convert                            : r106_6
#  106|     r106_8(int)               = Call                               : func:r106_1, 0:r106_7
#  106|     m106_9(unknown)           = ^CallSideEffect                    : ~m102_9
#  106|     m106_10(unknown)          = Chi                                : total:m102_9, partial:m106_9
#  106|     v106_11(void)             = ^BufferReadSideEffect[0]           : &:r106_7, ~m106_10
#  106|     m106_12(unknown)          = ^BufferMayWriteSideEffect[0]       : &:r106_7
#  106|     m106_13(unknown)          = Chi                                : total:m106_10, partial:m106_12
#  107|     r107_1(glval<unknown>)    = FunctionAddress[printWrapper]      : 
#  107|     r107_2(glval<char **>)    = VariableAddress[i2]                : 
#  107|     r107_3(char **)           = Load                               : &:r107_2, m105_4
#  107|     r107_4(int)               = Constant[0]                        : 
#  107|     r107_5(glval<char *>)     = PointerAdd[8]                      : r107_3, r107_4
#  107|     r107_6(char *)            = Load                               : &:r107_5, ~m13_11
#  107|     v107_7(void)              = Call                               : func:r107_1, 0:r107_6
#  107|     m107_8(unknown)           = ^CallSideEffect                    : ~m106_13
#  107|     m107_9(unknown)           = Chi                                : total:m106_13, partial:m107_8
#  107|     v107_10(void)             = ^BufferReadSideEffect[0]           : &:r107_6, ~m107_9
#  107|     m107_11(unknown)          = ^BufferMayWriteSideEffect[0]       : &:r107_6
#  107|     m107_12(unknown)          = Chi                                : total:m107_9, partial:m107_11
#  110|     r110_1(glval<unknown>)    = FunctionAddress[printf]            : 
#  110|     r110_2(glval<char **>)    = VariableAddress[i2]                : 
#  110|     r110_3(char **)           = Load                               : &:r110_2, m105_4
#  110|     r110_4(char *)            = Load                               : &:r110_3, ~m13_11
#  110|     r110_5(char *)            = Convert                            : r110_4
#  110|     r110_6(int)               = Call                               : func:r110_1, 0:r110_5
#  110|     m110_7(unknown)           = ^CallSideEffect                    : ~m107_12
#  110|     m110_8(unknown)           = Chi                                : total:m107_12, partial:m110_7
#  110|     v110_9(void)              = ^BufferReadSideEffect[0]           : &:r110_5, ~m110_8
#  110|     m110_10(unknown)          = ^BufferMayWriteSideEffect[0]       : &:r110_5
#  110|     m110_11(unknown)          = Chi                                : total:m110_8, partial:m110_10
#  111|     r111_1(glval<unknown>)    = FunctionAddress[printWrapper]      : 
#  111|     r111_2(glval<char **>)    = VariableAddress[i2]                : 
#  111|     r111_3(char **)           = Load                               : &:r111_2, m105_4
#  111|     r111_4(char *)            = Load                               : &:r111_3, ~m13_11
#  111|     v111_5(void)              = Call                               : func:r111_1, 0:r111_4
#  111|     m111_6(unknown)           = ^CallSideEffect                    : ~m110_11
#  111|     m111_7(unknown)           = Chi                                : total:m110_11, partial:m111_6
#  111|     v111_8(void)              = ^BufferReadSideEffect[0]           : &:r111_4, ~m111_7
#  111|     m111_9(unknown)           = ^BufferMayWriteSideEffect[0]       : &:r111_4
#  111|     m111_10(unknown)          = Chi                                : total:m111_7, partial:m111_9
#  114|     r114_1(glval<char[5012]>) = VariableAddress[i3]                : 
#  114|     m114_2(char[5012])        = Uninitialized[i3]                  : &:r114_1
#  115|     r115_1(glval<unknown>)    = FunctionAddress[memcpy]            : 
#  115|     r115_2(glval<char[5012]>) = VariableAddress[i3]                : 
#  115|     r115_3(char *)            = Convert                            : r115_2
#  115|     r115_4(void *)            = Convert                            : r115_3
#  115|     r115_5(glval<char **>)    = VariableAddress[argv]              : 
#  115|     r115_6(char **)           = Load                               : &:r115_5, m13_9
#  115|     r115_7(int)               = Constant[1]                        : 
#  115|     r115_8(glval<char *>)     = PointerAdd[8]                      : r115_6, r115_7
#  115|     r115_9(char *)            = Load                               : &:r115_8, ~m13_11
#  115|     r115_10(void *)           = Convert                            : r115_9
#  115|     r115_11(unsigned long)    = Constant[5012]                     : 
#  115|     r115_12(void *)           = Call                               : func:r115_1, 0:r115_4, 1:r115_10, 2:r115_11
#  115|     v115_13(void)             = ^SizedBufferReadSideEffect[1]      : &:r115_10, r115_11, ~m111_10
#  115|     m115_14(unknown)          = ^SizedBufferMustWriteSideEffect[0] : &:r115_4, r115_11
#  115|     m115_15(char[5012])       = Chi                                : total:m114_2, partial:m115_14
#  116|     r116_1(glval<unknown>)    = FunctionAddress[printf]            : 
#  116|     r116_2(glval<char[5012]>) = VariableAddress[i3]                : 
#  116|     r116_3(char *)            = Convert                            : r116_2
#  116|     r116_4(char *)            = Convert                            : r116_3
#  116|     r116_5(int)               = Call                               : func:r116_1, 0:r116_4
#  116|     m116_6(unknown)           = ^CallSideEffect                    : ~m111_10
#  116|     m116_7(unknown)           = Chi                                : total:m111_10, partial:m116_6
#  116|     v116_8(void)              = ^BufferReadSideEffect[0]           : &:r116_4, ~m115_15
#  116|     m116_9(unknown)           = ^BufferMayWriteSideEffect[0]       : &:r116_4
#  116|     m116_10(char[5012])       = Chi                                : total:m115_15, partial:m116_9
#  117|     r117_1(glval<unknown>)    = FunctionAddress[printWrapper]      : 
#  117|     r117_2(glval<char[5012]>) = VariableAddress[i3]                : 
#  117|     r117_3(char *)            = Convert                            : r117_2
#  117|     v117_4(void)              = Call                               : func:r117_1, 0:r117_3
#  117|     m117_5(unknown)           = ^CallSideEffect                    : ~m116_7
#  117|     m117_6(unknown)           = Chi                                : total:m116_7, partial:m117_5
#  117|     v117_7(void)              = ^BufferReadSideEffect[0]           : &:r117_3, ~m116_10
#  117|     m117_8(unknown)           = ^BufferMayWriteSideEffect[0]       : &:r117_3
#  117|     m117_9(char[5012])        = Chi                                : total:m116_10, partial:m117_8
#  120|     r120_1(glval<char *>)     = VariableAddress[i4]                : 
#  120|     r120_2(glval<char[5012]>) = VariableAddress[i3]                : 
#  120|     r120_3(char *)            = Convert                            : r120_2
#  120|     m120_4(char *)            = Store                              : &:r120_1, r120_3
#  121|     r121_1(glval<unknown>)    = FunctionAddress[printf]            : 
#  121|     r121_2(glval<char *>)     = VariableAddress[i4]                : 
#  121|     r121_3(char *)            = Load                               : &:r121_2, m120_4
#  121|     r121_4(char *)            = Convert                            : r121_3
#  121|     r121_5(int)               = Call                               : func:r121_1, 0:r121_4
#  121|     m121_6(unknown)           = ^CallSideEffect                    : ~m117_6
#  121|     m121_7(unknown)           = Chi                                : total:m117_6, partial:m121_6
#  121|     v121_8(void)              = ^BufferReadSideEffect[0]           : &:r121_4, ~m117_9
#  121|     m121_9(unknown)           = ^BufferMayWriteSideEffect[0]       : &:r121_4
#  121|     m121_10(char[5012])       = Chi                                : total:m117_9, partial:m121_9
#  122|     r122_1(glval<unknown>)    = FunctionAddress[printWrapper]      : 
#  122|     r122_2(glval<char *>)     = VariableAddress[i4]                : 
#  122|     r122_3(char *)            = Load                               : &:r122_2, m120_4
#  122|     v122_4(void)              = Call                               : func:r122_1, 0:r122_3
#  122|     m122_5(unknown)           = ^CallSideEffect                    : ~m121_7
#  122|     m122_6(unknown)           = Chi                                : total:m121_7, partial:m122_5
#  122|     v122_7(void)              = ^BufferReadSideEffect[0]           : &:r122_3, ~m121_10
#  122|     m122_8(unknown)           = ^BufferMayWriteSideEffect[0]       : &:r122_3
#  122|     m122_9(char[5012])        = Chi                                : total:m121_10, partial:m122_8
#  125|     r125_1(glval<char[5012]>) = VariableAddress[i5]                : 
#  125|     m125_2(char[5012])        = Uninitialized[i5]                  : &:r125_1
#  126|     r126_1(glval<char **>)    = VariableAddress[argv]              : 
#  126|     r126_2(char **)           = Load                               : &:r126_1, m13_9
#  126|     r126_3(int)               = Constant[1]                        : 
#  126|     r126_4(glval<char *>)     = PointerAdd[8]                      : r126_2, r126_3
#  126|     r126_5(char *)            = Load                               : &:r126_4, ~m13_11
#  126|     r126_6(int)               = Constant[0]                        : 
#  126|     r126_7(glval<char>)       = PointerAdd[1]                      : r126_5, r126_6
#  126|     r126_8(char)              = Load                               : &:r126_7, ~m122_6
#  126|     r126_9(glval<char[5012]>) = VariableAddress[i5]                : 
#  126|     r126_10(char *)           = Convert                            : r126_9
#  126|     r126_11(int)              = Constant[0]                        : 
#  126|     r126_12(glval<char>)      = PointerAdd[1]                      : r126_10, r126_11
#  126|     m126_13(char)             = Store                              : &:r126_12, r126_8
#  126|     m126_14(char[5012])       = Chi                                : total:m125_2, partial:m126_13
#  127|     r127_1(glval<unknown>)    = FunctionAddress[printf]            : 
#  127|     r127_2(glval<char[5012]>) = VariableAddress[i5]                : 
#  127|     r127_3(char *)            = Convert                            : r127_2
#  127|     r127_4(char *)            = Convert                            : r127_3
#  127|     r127_5(int)               = Call                               : func:r127_1, 0:r127_4
#  127|     m127_6(unknown)           = ^CallSideEffect                    : ~m122_6
#  127|     m127_7(unknown)           = Chi                                : total:m122_6, partial:m127_6
#  127|     v127_8(void)              = ^BufferReadSideEffect[0]           : &:r127_4, ~m126_14
#  127|     m127_9(unknown)           = ^BufferMayWriteSideEffect[0]       : &:r127_4
#  127|     m127_10(char[5012])       = Chi                                : total:m126_14, partial:m127_9
#  128|     r128_1(glval<unknown>)    = FunctionAddress[printWrapper]      : 
#  128|     r128_2(glval<char[5012]>) = VariableAddress[i5]                : 
#  128|     r128_3(char *)            = Convert                            : r128_2
#  128|     v128_4(void)              = Call                               : func:r128_1, 0:r128_3
#  128|     m128_5(unknown)           = ^CallSideEffect                    : ~m127_7
#  128|     m128_6(unknown)           = Chi                                : total:m127_7, partial:m128_5
#  128|     v128_7(void)              = ^BufferReadSideEffect[0]           : &:r128_3, ~m127_10
#  128|     m128_8(unknown)           = ^BufferMayWriteSideEffect[0]       : &:r128_3
#  128|     m128_9(char[5012])        = Chi                                : total:m127_10, partial:m128_8
#  131|     r131_1(glval<unknown>)    = FunctionAddress[printf]            : 
#  131|     r131_2(glval<char[5012]>) = VariableAddress[i5]                : 
#  131|     r131_3(char *)            = Convert                            : r131_2
#  131|     r131_4(int)               = Constant[1]                        : 
#  131|     r131_5(char *)            = PointerAdd[1]                      : r131_3, r131_4
#  131|     r131_6(char *)            = Convert                            : r131_5
#  131|     r131_7(int)               = Call                               : func:r131_1, 0:r131_6
#  131|     m131_8(unknown)           = ^CallSideEffect                    : ~m128_6
#  131|     m131_9(unknown)           = Chi                                : total:m128_6, partial:m131_8
#  131|     v131_10(void)             = ^BufferReadSideEffect[0]           : &:r131_6, ~m128_9
#  131|     m131_11(unknown)          = ^BufferMayWriteSideEffect[0]       : &:r131_6
#  131|     m131_12(char[5012])       = Chi                                : total:m128_9, partial:m131_11
#  132|     r132_1(glval<unknown>)    = FunctionAddress[printWrapper]      : 
#  132|     r132_2(glval<char[5012]>) = VariableAddress[i5]                : 
#  132|     r132_3(char *)            = Convert                            : r132_2
#  132|     r132_4(int)               = Constant[1]                        : 
#  132|     r132_5(char *)            = PointerAdd[1]                      : r132_3, r132_4
#  132|     v132_6(void)              = Call                               : func:r132_1, 0:r132_5
#  132|     m132_7(unknown)           = ^CallSideEffect                    : ~m131_9
#  132|     m132_8(unknown)           = Chi                                : total:m131_9, partial:m132_7
#  132|     v132_9(void)              = ^BufferReadSideEffect[0]           : &:r132_5, ~m131_12
#  132|     m132_10(unknown)          = ^BufferMayWriteSideEffect[0]       : &:r132_5
#  132|     m132_11(char[5012])       = Chi                                : total:m131_12, partial:m132_10
#  135|     r135_1(glval<unknown>)    = FunctionAddress[printf]            : 
#  135|     r135_2(glval<char *>)     = VariableAddress[i4]                : 
#  135|     r135_3(char *)            = Load                               : &:r135_2, m120_4
#  135|     r135_4(int)               = Constant[1]                        : 
#  135|     r135_5(char *)            = PointerAdd[1]                      : r135_3, r135_4
#  135|     m135_6(char *)            = Store                              : &:r135_2, r135_5
#  135|     r135_7(char *)            = CopyValue                          : r135_3
#  135|     r135_8(char *)            = Convert                            : r135_7
#  135|     r135_9(int)               = Call                               : func:r135_1, 0:r135_8
#  135|     m135_10(unknown)          = ^CallSideEffect                    : ~m132_8
#  135|     m135_11(unknown)          = Chi                                : total:m132_8, partial:m135_10
#  135|     v135_12(void)             = ^BufferReadSideEffect[0]           : &:r135_8, ~m122_9
#  135|     m135_13(unknown)          = ^BufferMayWriteSideEffect[0]       : &:r135_8
#  135|     m135_14(char[5012])       = Chi                                : total:m122_9, partial:m135_13
#  136|     r136_1(glval<unknown>)    = FunctionAddress[printWrapper]      : 
#  136|     r136_2(glval<char *>)     = VariableAddress[i4]                : 
#  136|     r136_3(char *)            = Load                               : &:r136_2, m135_6
#  136|     r136_4(int)               = Constant[1]                        : 
#  136|     r136_5(char *)            = PointerSub[1]                      : r136_3, r136_4
#  136|     m136_6(char *)            = Store                              : &:r136_2, r136_5
#  136|     v136_7(void)              = Call                               : func:r136_1, 0:r136_5
#  136|     m136_8(unknown)           = ^CallSideEffect                    : ~m135_11
#  136|     m136_9(unknown)           = Chi                                : total:m135_11, partial:m136_8
#  136|     v136_10(void)             = ^BufferReadSideEffect[0]           : &:r136_5, ~m135_14
#  136|     m136_11(unknown)          = ^BufferMayWriteSideEffect[0]       : &:r136_5
#  136|     m136_12(char[5012])       = Chi                                : total:m135_14, partial:m136_11
#  139|     r139_1(glval<unknown>)    = FunctionAddress[printf]            : 
#  139|     r139_2(glval<char **>)    = VariableAddress[argv]              : 
#  139|     r139_3(char **)           = Load                               : &:r139_2, m13_9
#  139|     r139_4(int)               = Constant[1]                        : 
#  139|     r139_5(glval<char *>)     = PointerAdd[8]                      : r139_3, r139_4
#  139|     r139_6(char *)            = Load                               : &:r139_5, ~m13_11
#  139|     v139_7(void)              = ConditionalBranch                  : r139_6
#-----|   False -> Block 13
#-----|   True -> Block 12

#  139|   Block 11
#  139|     m139_8(char *)         = Phi                           : from 12:m139_21, from 13:m139_25
#  139|     r139_9(glval<char *>)  = VariableAddress[#temp139:9]   : 
#  139|     r139_10(char *)        = Load                          : &:r139_9, m139_8
#  139|     r139_11(char *)        = Convert                       : r139_10
#  139|     r139_12(int)           = Call                          : func:r139_1, 0:r139_11
#  139|     m139_13(unknown)       = ^CallSideEffect               : ~m136_9
#  139|     m139_14(unknown)       = Chi                           : total:m136_9, partial:m139_13
#  139|     v139_15(void)          = ^BufferReadSideEffect[0]      : &:r139_11, ~m139_14
#  139|     m139_16(unknown)       = ^BufferMayWriteSideEffect[0]  : &:r139_11
#  139|     m139_17(unknown)       = Chi                           : total:m139_14, partial:m139_16
#  140|     r140_1(glval<unknown>) = FunctionAddress[printWrapper] : 
#  140|     r140_2(glval<char **>) = VariableAddress[argv]         : 
#  140|     r140_3(char **)        = Load                          : &:r140_2, m13_9
#  140|     r140_4(int)            = Constant[1]                   : 
#  140|     r140_5(glval<char *>)  = PointerAdd[8]                 : r140_3, r140_4
#  140|     r140_6(char *)         = Load                          : &:r140_5, ~m13_11
#  140|     v140_7(void)           = ConditionalBranch             : r140_6
#-----|   False -> Block 16
#-----|   True -> Block 15

#  139|   Block 12
#  139|     r139_18(glval<char[2]>) = StringConstant["a"]         : 
#  139|     r139_19(char *)         = Convert                     : r139_18
#  139|     r139_20(glval<char *>)  = VariableAddress[#temp139:9] : 
#  139|     m139_21(char *)         = Store                       : &:r139_20, r139_19
#-----|   Goto -> Block 11

#  139|   Block 13
#  139|     r139_22(glval<char[5012]>) = VariableAddress[i5]         : 
#  139|     r139_23(char *)            = Convert                     : r139_22
#  139|     r139_24(glval<char *>)     = VariableAddress[#temp139:9] : 
#  139|     m139_25(char *)            = Store                       : &:r139_24, r139_23
#-----|   Goto -> Block 11

#  140|   Block 14
#  140|     m140_8(char *)          = Phi                           : from 15:m140_20, from 16:m140_24
#  140|     r140_9(glval<char *>)   = VariableAddress[#temp140:15]  : 
#  140|     r140_10(char *)         = Load                          : &:r140_9, m140_8
#  140|     v140_11(void)           = Call                          : func:r140_1, 0:r140_10
#  140|     m140_12(unknown)        = ^CallSideEffect               : ~m139_17
#  140|     m140_13(unknown)        = Chi                           : total:m139_17, partial:m140_12
#  140|     v140_14(void)           = ^BufferReadSideEffect[0]      : &:r140_10, ~m140_13
#  140|     m140_15(unknown)        = ^BufferMayWriteSideEffect[0]  : &:r140_10
#  140|     m140_16(unknown)        = Chi                           : total:m140_13, partial:m140_15
#  143|     r143_1(glval<char *>)   = VariableAddress[i7]           : 
#  143|     r143_2(glval<char **>)  = VariableAddress[argv]         : 
#  143|     r143_3(char **)         = Load                          : &:r143_2, m13_9
#  143|     r143_4(int)             = Constant[1]                   : 
#  143|     r143_5(glval<char *>)   = PointerAdd[8]                 : r143_3, r143_4
#  143|     r143_6(char *)          = Load                          : &:r143_5, ~m13_11
#  143|     r143_7(glval<char *>)   = VariableAddress[i1]           : 
#  143|     r143_8(char *)          = Load                          : &:r143_7, m100_7
#  143|     r143_9(char *)          = CopyValue                     : r143_8
#  143|     m143_10(char *)         = Store                         : &:r143_1, r143_9
#  144|     r144_1(glval<unknown>)  = FunctionAddress[printf]       : 
#  144|     r144_2(glval<char *>)   = VariableAddress[i7]           : 
#  144|     r144_3(char *)          = Load                          : &:r144_2, m143_10
#  144|     r144_4(char *)          = Convert                       : r144_3
#  144|     r144_5(int)             = Call                          : func:r144_1, 0:r144_4
#  144|     m144_6(unknown)         = ^CallSideEffect               : ~m140_16
#  144|     m144_7(unknown)         = Chi                           : total:m140_16, partial:m144_6
#  144|     v144_8(void)            = ^BufferReadSideEffect[0]      : &:r144_4, ~m144_7
#  144|     m144_9(unknown)         = ^BufferMayWriteSideEffect[0]  : &:r144_4
#  144|     m144_10(unknown)        = Chi                           : total:m144_7, partial:m144_9
#  145|     r145_1(glval<unknown>)  = FunctionAddress[printWrapper] : 
#  145|     r145_2(glval<char *>)   = VariableAddress[i7]           : 
#  145|     r145_3(char *)          = Load                          : &:r145_2, m143_10
#  145|     v145_4(void)            = Call                          : func:r145_1, 0:r145_3
#  145|     m145_5(unknown)         = ^CallSideEffect               : ~m144_10
#  145|     m145_6(unknown)         = Chi                           : total:m144_10, partial:m145_5
#  145|     v145_7(void)            = ^BufferReadSideEffect[0]      : &:r145_3, ~m145_6
#  145|     m145_8(unknown)         = ^BufferMayWriteSideEffect[0]  : &:r145_3
#  145|     m145_9(unknown)         = Chi                           : total:m145_6, partial:m145_8
#  148|     r148_1(glval<char *>)   = VariableAddress[i8]           : 
#  148|     m148_2(char *)          = Uninitialized[i8]             : &:r148_1
#  149|     r149_1(glval<char **>)  = VariableAddress[argv]         : 
#  149|     r149_2(char **)         = Load                          : &:r149_1, m13_9
#  149|     r149_3(int)             = Constant[1]                   : 
#  149|     r149_4(glval<char *>)   = PointerAdd[8]                 : r149_2, r149_3
#  149|     r149_5(char *)          = Load                          : &:r149_4, ~m13_11
#  149|     r149_6(glval<char *>)   = VariableAddress[i8]           : 
#  149|     r149_7(char **)         = CopyValue                     : r149_6
#  149|     r149_8(glval<char *>)   = CopyValue                     : r149_7
#  149|     m149_9(char *)          = Store                         : &:r149_8, r149_5
#  150|     r150_1(glval<unknown>)  = FunctionAddress[printf]       : 
#  150|     r150_2(glval<char *>)   = VariableAddress[i8]           : 
#  150|     r150_3(char *)          = Load                          : &:r150_2, m149_9
#  150|     r150_4(char *)          = Convert                       : r150_3
#  150|     r150_5(int)             = Call                          : func:r150_1, 0:r150_4
#  150|     m150_6(unknown)         = ^CallSideEffect               : ~m145_9
#  150|     m150_7(unknown)         = Chi                           : total:m145_9, partial:m150_6
#  150|     v150_8(void)            = ^BufferReadSideEffect[0]      : &:r150_4, ~m150_7
#  150|     m150_9(unknown)         = ^BufferMayWriteSideEffect[0]  : &:r150_4
#  150|     m150_10(unknown)        = Chi                           : total:m150_7, partial:m150_9
#  151|     r151_1(glval<unknown>)  = FunctionAddress[printWrapper] : 
#  151|     r151_2(glval<char *>)   = VariableAddress[i8]           : 
#  151|     r151_3(char *)          = Load                          : &:r151_2, m149_9
#  151|     v151_4(void)            = Call                          : func:r151_1, 0:r151_3
#  151|     m151_5(unknown)         = ^CallSideEffect               : ~m150_10
#  151|     m151_6(unknown)         = Chi                           : total:m150_10, partial:m151_5
#  151|     v151_7(void)            = ^BufferReadSideEffect[0]      : &:r151_3, ~m151_6
#  151|     m151_8(unknown)         = ^BufferMayWriteSideEffect[0]  : &:r151_3
#  151|     m151_9(unknown)         = Chi                           : total:m151_6, partial:m151_8
#  154|     r154_1(glval<char[32]>) = VariableAddress[i9buf]        : 
#  154|     m154_2(char[32])        = Uninitialized[i9buf]          : &:r154_1
#  155|     r155_1(glval<char *>)   = VariableAddress[i9]           : 
#  155|     r155_2(glval<char[32]>) = VariableAddress[i9buf]        : 
#  155|     r155_3(char *)          = Convert                       : r155_2
#  155|     m155_4(char *)          = Store                         : &:r155_1, r155_3
#  156|     r156_1(glval<unknown>)  = FunctionAddress[memcpy]       : 
#  156|     r156_2(int)             = Constant[1]                   : 
#  156|     v156_3(void)            = ConditionalBranch             : r156_2
#-----|   False -> Block 19
#-----|   True -> Block 17

#  140|   Block 15
#  140|     r140_17(glval<char[2]>) = StringConstant["a"]          : 
#  140|     r140_18(char *)         = Convert                      : r140_17
#  140|     r140_19(glval<char *>)  = VariableAddress[#temp140:15] : 
#  140|     m140_20(char *)         = Store                        : &:r140_19, r140_18
#-----|   Goto -> Block 14

#  140|   Block 16
#  140|     r140_21(glval<char[5012]>) = VariableAddress[i5]          : 
#  140|     r140_22(char *)            = Convert                      : r140_21
#  140|     r140_23(glval<char *>)     = VariableAddress[#temp140:15] : 
#  140|     m140_24(char *)            = Store                        : &:r140_23, r140_22
#-----|   Goto -> Block 14

#  156|   Block 17
#  156|     r156_4(glval<char *>)   = VariableAddress[i9]                : 
#  156|     r156_5(char *)          = Load                               : &:r156_4, m155_4
#  156|     r156_6(int)             = Constant[1]                        : 
#  156|     r156_7(char *)          = PointerAdd[1]                      : r156_5, r156_6
#  156|     m156_8(char *)          = Store                              : &:r156_4, r156_7
#  156|     r156_9(glval<char *>)   = VariableAddress[#temp156:9]        : 
#  156|     m156_10(char *)         = Store                              : &:r156_9, r156_7
#  156|     r156_11(glval<char *>)  = VariableAddress[#temp156:9]        : 
#  156|     r156_12(char *)         = Load                               : &:r156_11, m156_10
#  156|     r156_13(void *)         = Convert                            : r156_12
#  156|     r156_14(glval<char **>) = VariableAddress[argv]              : 
#  156|     r156_15(char **)        = Load                               : &:r156_14, m13_9
#  156|     r156_16(int)            = Constant[1]                        : 
#  156|     r156_17(glval<char *>)  = PointerAdd[8]                      : r156_15, r156_16
#  156|     r156_18(char *)         = Load                               : &:r156_17, ~m13_11
#  156|     r156_19(void *)         = Convert                            : r156_18
#  156|     r156_20(unsigned long)  = Constant[1]                        : 
#  156|     r156_21(void *)         = Call                               : func:r156_1, 0:r156_13, 1:r156_19, 2:r156_20
#  156|     v156_22(void)           = ^SizedBufferReadSideEffect[1]      : &:r156_19, r156_20, ~m151_9
#  156|     m156_23(unknown)        = ^SizedBufferMustWriteSideEffect[0] : &:r156_13, r156_20
#  156|     m156_24(char[32])       = Chi                                : total:m154_2, partial:m156_23
#  157|     r157_1(glval<unknown>)  = FunctionAddress[printf]            : 
#  157|     r157_2(glval<char *>)   = VariableAddress[i9]                : 
#  157|     r157_3(char *)          = Load                               : &:r157_2, m156_8
#  157|     r157_4(char *)          = Convert                            : r157_3
#  157|     r157_5(int)             = Call                               : func:r157_1, 0:r157_4
#  157|     m157_6(unknown)         = ^CallSideEffect                    : ~m151_9
#  157|     m157_7(unknown)         = Chi                                : total:m151_9, partial:m157_6
#  157|     v157_8(void)            = ^BufferReadSideEffect[0]           : &:r157_4, ~m156_24
#  157|     m157_9(unknown)         = ^BufferMayWriteSideEffect[0]       : &:r157_4
#  157|     m157_10(char[32])       = Chi                                : total:m156_24, partial:m157_9
#  158|     r158_1(glval<unknown>)  = FunctionAddress[printWrapper]      : 
#  158|     r158_2(glval<char *>)   = VariableAddress[i9]                : 
#  158|     r158_3(char *)          = Load                               : &:r158_2, m156_8
#  158|     v158_4(void)            = Call                               : func:r158_1, 0:r158_3
#  158|     m158_5(unknown)         = ^CallSideEffect                    : ~m157_7
#  158|     m158_6(unknown)         = Chi                                : total:m157_7, partial:m158_5
#  158|     v158_7(void)            = ^BufferReadSideEffect[0]           : &:r158_3, ~m157_10
#  158|     m158_8(unknown)         = ^BufferMayWriteSideEffect[0]       : &:r158_3
#  158|     m158_9(char[32])        = Chi                                : total:m157_10, partial:m158_8
#  161|     r161_1(glval<char[64]>) = VariableAddress[i91buf]            : 
#  161|     m161_2(char[64])        = Uninitialized[i91buf]              : &:r161_1
#  162|     r162_1(glval<char *>)   = VariableAddress[i91]               : 
#  162|     r162_2(glval<char[64]>) = VariableAddress[i91buf]            : 
#  162|     r162_3(char *)          = Convert                            : r162_2
#  162|     r162_4(int)             = Constant[0]                        : 
#  162|     r162_5(glval<char>)     = PointerAdd[1]                      : r162_3, r162_4
#  162|     r162_6(char *)          = CopyValue                          : r162_5
#  162|     m162_7(char *)          = Store                              : &:r162_1, r162_6
#  163|     r163_1(glval<unknown>)  = FunctionAddress[memcpy]            : 
#  163|     r163_2(int)             = Constant[0]                        : 
#  163|     v163_3(void)            = ConditionalBranch                  : r163_2
#-----|   False -> Block 18
#-----|   True -> Block 19

#  163|   Block 18
#  163|     r163_4(glval<char *>)   = VariableAddress[i91]               : 
#  163|     r163_5(char *)          = Load                               : &:r163_4, m162_7
#  163|     r163_6(glval<char *>)   = VariableAddress[#temp163:9]        : 
#  163|     m163_7(char *)          = Store                              : &:r163_6, r163_5
#  163|     r163_8(glval<char *>)   = VariableAddress[#temp163:9]        : 
#  163|     r163_9(char *)          = Load                               : &:r163_8, m163_7
#  163|     r163_10(void *)         = Convert                            : r163_9
#  163|     r163_11(glval<char **>) = VariableAddress[argv]              : 
#  163|     r163_12(char **)        = Load                               : &:r163_11, m13_9
#  163|     r163_13(int)            = Constant[1]                        : 
#  163|     r163_14(glval<char *>)  = PointerAdd[8]                      : r163_12, r163_13
#  163|     r163_15(char *)         = Load                               : &:r163_14, ~m13_11
#  163|     r163_16(int)            = Constant[1]                        : 
#  163|     r163_17(char *)         = PointerAdd[1]                      : r163_15, r163_16
#  163|     r163_18(void *)         = Convert                            : r163_17
#  163|     r163_19(unsigned long)  = Constant[1]                        : 
#  163|     r163_20(void *)         = Call                               : func:r163_1, 0:r163_10, 1:r163_18, 2:r163_19
#  163|     v163_21(void)           = ^SizedBufferReadSideEffect[1]      : &:r163_18, r163_19, ~m158_6
#  163|     m163_22(unknown)        = ^SizedBufferMustWriteSideEffect[0] : &:r163_10, r163_19
#  163|     m163_23(char[64])       = Chi                                : total:m161_2, partial:m163_22
#  164|     r164_1(glval<unknown>)  = FunctionAddress[printf]            : 
#  164|     r164_2(glval<char *>)   = VariableAddress[i91]               : 
#  164|     r164_3(char *)          = Load                               : &:r164_2, m162_7
#  164|     r164_4(char *)          = Convert                            : r164_3
#  164|     r164_5(int)             = Call                               : func:r164_1, 0:r164_4
#  164|     m164_6(unknown)         = ^CallSideEffect                    : ~m158_6
#  164|     m164_7(unknown)         = Chi                                : total:m158_6, partial:m164_6
#  164|     v164_8(void)            = ^BufferReadSideEffect[0]           : &:r164_4, ~m163_23
#  164|     m164_9(unknown)         = ^BufferMayWriteSideEffect[0]       : &:r164_4
#  164|     m164_10(char[64])       = Chi                                : total:m163_23, partial:m164_9
#  165|     r165_1(glval<unknown>)  = FunctionAddress[printWrapper]      : 
#  165|     r165_2(glval<char *>)   = VariableAddress[i91]               : 
#  165|     r165_3(char *)          = Load                               : &:r165_2, m162_7
#  165|     v165_4(void)            = Call                               : func:r165_1, 0:r165_3
#  165|     m165_5(unknown)         = ^CallSideEffect                    : ~m164_7
#  165|     m165_6(unknown)         = Chi                                : total:m164_7, partial:m165_5
#  165|     v165_7(void)            = ^BufferReadSideEffect[0]           : &:r165_3, ~m164_10
#  165|     m165_8(unknown)         = ^BufferMayWriteSideEffect[0]       : &:r165_3
#  165|     m165_9(char[64])        = Chi                                : total:m164_10, partial:m165_8
#  168|     r168_1(glval<int>)      = VariableAddress[i10]               : 
#  168|     r168_2(glval<char **>)  = VariableAddress[argv]              : 
#  168|     r168_3(char **)         = Load                               : &:r168_2, m13_9
#  168|     r168_4(int)             = Constant[1]                        : 
#  168|     r168_5(glval<char *>)   = PointerAdd[8]                      : r168_3, r168_4
#  168|     r168_6(char *)          = Load                               : &:r168_5, ~m13_11
#  168|     r168_7(int)             = Convert                            : r168_6
#  168|     m168_8(int)             = Store                              : &:r168_1, r168_7
#  169|     r169_1(glval<unknown>)  = FunctionAddress[printf]            : 
#  169|     r169_2(glval<int>)      = VariableAddress[i10]               : 
#  169|     r169_3(int)             = Load                               : &:r169_2, m168_8
#  169|     r169_4(char *)          = Convert                            : r169_3
#  169|     r169_5(char *)          = Convert                            : r169_4
#  169|     r169_6(int)             = Call                               : func:r169_1, 0:r169_5
#  169|     m169_7(unknown)         = ^CallSideEffect                    : ~m165_6
#  169|     m169_8(unknown)         = Chi                                : total:m165_6, partial:m169_7
#  169|     v169_9(void)            = ^BufferReadSideEffect[0]           : &:r169_5, ~m169_8
#  169|     m169_10(unknown)        = ^BufferMayWriteSideEffect[0]       : &:r169_5
#  169|     m169_11(unknown)        = Chi                                : total:m169_8, partial:m169_10
#  170|     r170_1(glval<unknown>)  = FunctionAddress[printWrapper]      : 
#  170|     r170_2(glval<int>)      = VariableAddress[i10]               : 
#  170|     r170_3(int)             = Load                               : &:r170_2, m168_8
#  170|     r170_4(char *)          = Convert                            : r170_3
#  170|     v170_5(void)            = Call                               : func:r170_1, 0:r170_4
#  170|     m170_6(unknown)         = ^CallSideEffect                    : ~m169_11
#  170|     m170_7(unknown)         = Chi                                : total:m169_11, partial:m170_6
#  170|     v170_8(void)            = ^BufferReadSideEffect[0]           : &:r170_4, ~m170_7
#  170|     m170_9(unknown)         = ^BufferMayWriteSideEffect[0]       : &:r170_4
#  170|     m170_10(unknown)        = Chi                                : total:m170_7, partial:m170_9
#  171|     r171_1(glval<int>)      = VariableAddress[#return]           : 
#-----|     r0_1(int)               = Constant[0]                        : 
#-----|     m0_2(int)               = Store                              : &:r171_1, r0_1
#   13|     v13_12(void)            = ReturnIndirection[argv]            : &:r13_10, m13_11
#   13|     r13_13(glval<int>)      = VariableAddress[#return]           : 
#   13|     v13_14(void)            = ReturnValue                        : &:r13_13, m0_2
#   13|     v13_15(void)            = UnmodeledUse                       : mu*
#   13|     v13_16(void)            = AliasedUse                         : ~m170_10
#   13|     v13_17(void)            = ExitFunction                       : 

#   13|   Block 19
#   13|     v13_18(void) = Unreached : 
