test.c:
#    8| int main(int, char**)
#    8|   Block 0
#    8|     v8_1(void)                   = EnterFunction                : 
#    8|     m8_2(unknown)                = AliasedDefinition            : 
#    8|     m8_3(unknown)                = InitializeNonLocal           : 
#    8|     m8_4(unknown)                = Chi                          : total:m8_2, partial:m8_3
#    8|     mu8_5(unknown)               = UnmodeledDefinition          : 
#    8|     r8_6(glval<int>)             = VariableAddress[argc]        : 
#    8|     m8_7(int)                    = InitializeParameter[argc]    : &:r8_6
#    8|     r8_8(glval<char **>)         = VariableAddress[argv]        : 
#    8|     m8_9(char **)                = InitializeParameter[argv]    : &:r8_8
#    8|     r8_10(char **)               = Load                         : &:r8_8, m8_9
#    8|     m8_11(unknown)               = InitializeIndirection[argv]  : &:r8_10
#    9|     r9_1(glval<char *>)          = VariableAddress[userAndFile] : 
#    9|     r9_2(glval<char **>)         = VariableAddress[argv]        : 
#    9|     r9_3(char **)                = Load                         : &:r9_2, m8_9
#    9|     r9_4(int)                    = Constant[2]                  : 
#    9|     r9_5(glval<char *>)          = PointerAdd[8]                : r9_3, r9_4
#    9|     r9_6(char *)                 = Load                         : &:r9_5, ~m8_11
#    9|     m9_7(char *)                 = Store                        : &:r9_1, r9_6
#   12|     r12_1(glval<char[1000]>)     = VariableAddress[fileBuffer]  : 
#   12|     r12_2(glval<char[1000]>)     = StringConstant["/home/"]     : 
#   12|     r12_3(char[1000])            = Load                         : &:r12_2, ~m8_3
#   12|     m12_4(char[1000])            = Store                        : &:r12_1, r12_3
#   13|     r13_1(glval<char *>)         = VariableAddress[fileName]    : 
#   13|     r13_2(glval<char[1000]>)     = VariableAddress[fileBuffer]  : 
#   13|     r13_3(char *)                = Convert                      : r13_2
#   13|     m13_4(char *)                = Store                        : &:r13_1, r13_3
#   14|     r14_1(glval<unsigned long>)  = VariableAddress[len]         : 
#   14|     r14_2(glval<unknown>)        = FunctionAddress[strlen]      : 
#   14|     r14_3(glval<char *>)         = VariableAddress[fileName]    : 
#   14|     r14_4(char *)                = Load                         : &:r14_3, m13_4
#   14|     r14_5(char *)                = Convert                      : r14_4
#   14|     r14_6(unsigned long)         = Call                         : func:r14_2, 0:r14_5
#   14|     v14_7(void)                  = ^BufferReadSideEffect[0]     : &:r14_5, ~m12_4
#   14|     m14_8(unsigned long)         = Store                        : &:r14_1, r14_6
#   15|     r15_1(glval<unknown>)        = FunctionAddress[strncat]     : 
#   15|     r15_2(glval<char *>)         = VariableAddress[fileName]    : 
#   15|     r15_3(char *)                = Load                         : &:r15_2, m13_4
#   15|     r15_4(glval<unsigned long>)  = VariableAddress[len]         : 
#   15|     r15_5(unsigned long)         = Load                         : &:r15_4, m14_8
#   15|     r15_6(char *)                = PointerAdd[1]                : r15_3, r15_5
#   15|     r15_7(glval<char *>)         = VariableAddress[userAndFile] : 
#   15|     r15_8(char *)                = Load                         : &:r15_7, m9_7
#   15|     r15_9(char *)                = Convert                      : r15_8
#   15|     r15_10(unsigned long)        = Constant[1000]               : 
#   15|     r15_11(glval<unsigned long>) = VariableAddress[len]         : 
#   15|     r15_12(unsigned long)        = Load                         : &:r15_11, m14_8
#   15|     r15_13(unsigned long)        = Sub                          : r15_10, r15_12
#   15|     r15_14(unsigned long)        = Constant[1]                  : 
#   15|     r15_15(unsigned long)        = Sub                          : r15_13, r15_14
#   15|     r15_16(char *)               = Call                         : func:r15_1, 0:r15_6, 1:r15_9, 2:r15_15
#   15|     v15_17(void)                 = ^BufferReadSideEffect[0]     : &:r15_6, ~m12_4
#   15|     v15_18(void)                 = ^BufferReadSideEffect[1]     : &:r15_9, ~m8_4
#   15|     m15_19(unknown)              = ^BufferMayWriteSideEffect[0] : &:r15_6
#   15|     m15_20(char[1000])           = Chi                          : total:m12_4, partial:m15_19
#   17|     r17_1(glval<unknown>)        = FunctionAddress[fopen]       : 
#   17|     r17_2(glval<char *>)         = VariableAddress[fileName]    : 
#   17|     r17_3(char *)                = Load                         : &:r17_2, m13_4
#   17|     r17_4(char *)                = Convert                      : r17_3
#   17|     r17_5(glval<char[4]>)        = StringConstant["wb+"]        : 
#   17|     r17_6(char *)                = Convert                      : r17_5
#   17|     r17_7(char *)                = Convert                      : r17_6
#   17|     r17_8(struct <unnamed> *)    = Call                         : func:r17_1, 0:r17_4, 1:r17_7
#   17|     m17_9(unknown)               = ^CallSideEffect              : ~m8_4
#   17|     m17_10(unknown)              = Chi                          : total:m8_4, partial:m17_9
#   17|     v17_11(void)                 = ^BufferReadSideEffect[0]     : &:r17_4, ~m15_20
#   17|     v17_12(void)                 = ^BufferReadSideEffect[1]     : &:r17_7, ~m8_3
#   17|     m17_13(unknown)              = ^BufferMayWriteSideEffect[0] : &:r17_4
#   17|     m17_14(char[1000])           = Chi                          : total:m15_20, partial:m17_13
#   17|     m17_15(unknown)              = ^BufferMayWriteSideEffect[1] : &:r17_7
#   17|     m17_16(unknown)              = Chi                          : total:m17_10, partial:m17_15
#   21|     r21_1(glval<char[1000]>)     = VariableAddress[fileBuffer]  : 
#   21|     r21_2(glval<char[1000]>)     = StringConstant["/home/"]     : 
#   21|     r21_3(char[1000])            = Load                         : &:r21_2, ~m8_3
#   21|     m21_4(char[1000])            = Store                        : &:r21_1, r21_3
#   22|     r22_1(glval<char *>)         = VariableAddress[fileName]    : 
#   22|     r22_2(glval<char[1000]>)     = VariableAddress[fileBuffer]  : 
#   22|     r22_3(char *)                = Convert                      : r22_2
#   22|     m22_4(char *)                = Store                        : &:r22_1, r22_3
#   23|     r23_1(glval<unsigned long>)  = VariableAddress[len]         : 
#   23|     r23_2(glval<unknown>)        = FunctionAddress[strlen]      : 
#   23|     r23_3(glval<char *>)         = VariableAddress[fileName]    : 
#   23|     r23_4(char *)                = Load                         : &:r23_3, m22_4
#   23|     r23_5(char *)                = Convert                      : r23_4
#   23|     r23_6(unsigned long)         = Call                         : func:r23_2, 0:r23_5
#   23|     v23_7(void)                  = ^BufferReadSideEffect[0]     : &:r23_5, ~m21_4
#   23|     m23_8(unsigned long)         = Store                        : &:r23_1, r23_6
#   25|     r25_1(glval<char *>)         = VariableAddress[fixed]       : 
#   25|     r25_2(glval<char[9]>)        = StringConstant["file.txt"]   : 
#   25|     r25_3(char *)                = Convert                      : r25_2
#   25|     m25_4(char *)                = Store                        : &:r25_1, r25_3
#   26|     r26_1(glval<unknown>)        = FunctionAddress[strncat]     : 
#   26|     r26_2(glval<char *>)         = VariableAddress[fileName]    : 
#   26|     r26_3(char *)                = Load                         : &:r26_2, m22_4
#   26|     r26_4(glval<unsigned long>)  = VariableAddress[len]         : 
#   26|     r26_5(unsigned long)         = Load                         : &:r26_4, m23_8
#   26|     r26_6(char *)                = PointerAdd[1]                : r26_3, r26_5
#   26|     r26_7(glval<char *>)         = VariableAddress[fixed]       : 
#   26|     r26_8(char *)                = Load                         : &:r26_7, m25_4
#   26|     r26_9(char *)                = Convert                      : r26_8
#   26|     r26_10(unsigned long)        = Constant[1000]               : 
#   26|     r26_11(glval<unsigned long>) = VariableAddress[len]         : 
#   26|     r26_12(unsigned long)        = Load                         : &:r26_11, m23_8
#   26|     r26_13(unsigned long)        = Sub                          : r26_10, r26_12
#   26|     r26_14(unsigned long)        = Constant[1]                  : 
#   26|     r26_15(unsigned long)        = Sub                          : r26_13, r26_14
#   26|     r26_16(char *)               = Call                         : func:r26_1, 0:r26_6, 1:r26_9, 2:r26_15
#   26|     v26_17(void)                 = ^BufferReadSideEffect[0]     : &:r26_6, ~m21_4
#   26|     v26_18(void)                 = ^BufferReadSideEffect[1]     : &:r26_9, ~m8_3
#   26|     m26_19(unknown)              = ^BufferMayWriteSideEffect[0] : &:r26_6
#   26|     m26_20(char[1000])           = Chi                          : total:m21_4, partial:m26_19
#   27|     r27_1(glval<unknown>)        = FunctionAddress[fopen]       : 
#   27|     r27_2(glval<char *>)         = VariableAddress[fileName]    : 
#   27|     r27_3(char *)                = Load                         : &:r27_2, m22_4
#   27|     r27_4(char *)                = Convert                      : r27_3
#   27|     r27_5(glval<char[4]>)        = StringConstant["wb+"]        : 
#   27|     r27_6(char *)                = Convert                      : r27_5
#   27|     r27_7(char *)                = Convert                      : r27_6
#   27|     r27_8(struct <unnamed> *)    = Call                         : func:r27_1, 0:r27_4, 1:r27_7
#   27|     m27_9(unknown)               = ^CallSideEffect              : ~m17_16
#   27|     m27_10(unknown)              = Chi                          : total:m17_16, partial:m27_9
#   27|     v27_11(void)                 = ^BufferReadSideEffect[0]     : &:r27_4, ~m26_20
#   27|     v27_12(void)                 = ^BufferReadSideEffect[1]     : &:r27_7, ~m8_3
#   27|     m27_13(unknown)              = ^BufferMayWriteSideEffect[0] : &:r27_4
#   27|     m27_14(char[1000])           = Chi                          : total:m26_20, partial:m27_13
#   27|     m27_15(unknown)              = ^BufferMayWriteSideEffect[1] : &:r27_7
#   27|     m27_16(unknown)              = Chi                          : total:m27_10, partial:m27_15
#   29|     r29_1(glval<int>)            = VariableAddress[#return]     : 
#-----|     r0_1(int)                    = Constant[0]                  : 
#-----|     m0_2(int)                    = Store                        : &:r29_1, r0_1
#    8|     v8_12(void)                  = ReturnIndirection[argv]      : &:r8_10, m8_11
#    8|     r8_13(glval<int>)            = VariableAddress[#return]     : 
#    8|     v8_14(void)                  = ReturnValue                  : &:r8_13, m0_2
#    8|     v8_15(void)                  = UnmodeledUse                 : mu*
#    8|     v8_16(void)                  = AliasedUse                   : ~m27_16
#    8|     v8_17(void)                  = ExitFunction                 : 
